[14.08.2026  08:05:14] Befolkning - Befolkningsframskrivinger historiske_07459: befolkningsframskrivinger_historiske_07459.py: Completed, No, 2026-05-08 08:13:23
[14.08.2026  08:05:26] Befolkning - Befolkningsframskrivinger siste tabell: befolkningsframskrivinger_siste_tabell.py: Completed, No, 2026-06-12 07:05:43
[14.08.2026  08:05:39] Befolkning - Historisk og framskrevet: kombiner_historisk_og_framskrevet.py: Completed, No, 2026-06-12 07:05:55
[14.08.2026  08:05:49] Befolkning - Befolkningsframskrivinger egne intervaller: befolkningsframskrivinger_egne_intervaller.py: Completed, No, 2026-06-12 07:06:07
[14.08.2026  08:05:59] Befolkning - Bidrag til samlet befolkningsvekst: bidrag_til_samlet_befolkningsvekst.py: Completed, No, 2026-06-12 11:35:27
[14.08.2026  08:06:08] Befolkning - Andel 67 pluss: andel_67_pluss.py: Completed, No, 2026-06-15 12:32:17
[14.08.2026  08:06:17] Befolkning - Sammenlikning historisk og framskrivinger: befolkningsframskrivinger_graf.py: Completed, No
[14.08.2026  08:06:35] Flytting - Til og fra Telemark: flytting_til_og_fra_telemark.py: Completed, No, 2026-04-07 08:39:21
[14.08.2026  08:06:47] Flytting - Til og fra kommunene: flytting_til_og_fra_kommunene.py: Completed, No, 2026-04-30 07:06:25
[14.08.2026  08:06:58] Befolkning - Folketall: folketall.py: Completed, No, 2026-02-25 08:05:48
[14.08.2026  08:07:07] Befolkning - Befolkningsvekst: befolkningsvekst.py: Completed, No, 2026-08-06 10:56:21
[14.08.2026  08:07:17] Befolkning - Forsørgerevne: forsørgerevne.py: Completed, No, 2026-08-06 13:17:55
[14.08.2026  08:07:28] Befolkning - Aleneboende: aleneboende.py: Completed, No, 2026-08-06 13:42:01
[14.08.2026  08:07:39] Opplaering og kompetanse - Utdanningsnivaa: utdanningsnivaa.py: Completed, No, 2026-07-03 08:42:53
[14.08.2026  08:07:58] Opplaering og kompetanse - Utdanningsnivaa Telemark og landet: utdanningsnivaa_telemark_og_landet.py: Completed, No, 2026-07-03 08:43:05
[14.08.2026  08:08:09] Opplaering og kompetanse - Andel unge utenfor etter kommune: andel_unge_utenfor_kommuner.py: Completed, No, 2026-03-20 11:33:41
[14.08.2026  08:08:21] Opplaering og kompetanse - Andel utenfor per fylke og alder: andel_utenfor_fylke_alder.py: Completed, No, 2026-03-20 12:04:04
[14.08.2026  08:08:30] Arbeid og naeringsliv - Arbeidsmarkedstilknytning per kommune: arbeidsmarkedstilknytning.py: Completed, No, 2026-01-30 08:06:36
[14.08.2026  08:08:47] Arbeid og naeringsliv - Sysselsatte etter aldersgruppe: sysselsetting_alder.py: Completed, No, 2026-02-26 08:06:52
[14.08.2026  08:09:00] Arbeid og naeringsliv - Sysselsatte i kommunene: sysselsetting_i_kommunene.py: Completed, No, 2026-02-26 08:07:01
[14.08.2026  08:09:08] Arbeid og naeringsliv - Offentlig vs. privat naeringsliv: offentlig_vs_privat_sysselsetting.py: Completed, No, 2026-02-26 08:07:16
[14.08.2026  08:09:20] Arbeid og naeringsliv - Sysselsatte i naeringer: arbeidsplasser_i_naringer.py: Completed, No, 2026-02-26 08:07:28
[14.08.2026  08:09:32] Arbeid og naeringsliv - Sysselsatte (fliser): arbeidsplasser_fliser.py: Completed, No, 2026-02-26 08:07:44
[14.08.2026  08:09:44] Arbeid og naeringsliv - Endring arbeidsplasser over tid: endring_arbeidsplasser_over_tid.py: Completed, No, 2026-02-26 08:08:00
[14.08.2026  08:09:54] Arbeid og naeringsliv - Virksomheter: virksomheter.py: Completed, No, 2026-01-12 08:07:53
[14.08.2026  08:10:07] Arbeid og naeringsliv - Standard for naeringsgruppering: nace_klassifisering.py: Completed, No, 2026-04-16 07:09:08
[14.08.2026  08:10:17] NAV - Arbeidsledighet: arbeidsledighet.py: Completed, No, 2026-03-11 13:43:35
[14.08.2026  08:10:31] NAV - Nedsatt arbeidsevne: nedsatt_arbeidsevne.py: Completed, No, 2026-01-06 08:08:33
[14.08.2026  08:10:43] Opplaering og kompetanse - Sokere og stillinger etter yrkespraksis: soekere_stillinger_yrkespraksis.py: Completed, No, 2026-02-04 08:09:08
[14.08.2026  08:11:09] Klima og energi - Sektorvise utslipp: klimagassutslipp.py: Completed, No, 2026-06-23 13:35:12
[14.08.2026  08:13:26] Klima og energi - Utslipp fra landbasert industri: norskeutslipp.py: Completed, No, 2026-03-11 13:06:43
[14.08.2026  08:13:39] Klima og energi - Okologisk tilstand vann: okologisk_tilstand.py: Completed, No, 2025-05-12 07:10:49
[14.08.2026  08:14:32] Klima og energi - Felte hjortedyr: antall_felt.py: Completed, No, 2026-03-20 08:11:56
[14.08.2026  08:14:42] Klima og energi - Vannkraft Telemark: vannkraft.py: Completed, No, 2026-03-18 08:11:58
[14.08.2026  08:14:49] Klima og energi - Kraftproduksjon Telemark (SSB): kraftproduksjon_ssb.py: Completed, No, 2026-05-08 07:13:31
[14.08.2026  08:14:57] Klima og energi - Strompriser: strompriser.py: Completed, No, 2026-08-12 07:15:25
[14.08.2026  08:15:05] Klima og energi - Stromforbruk (Elhub): elhub.py: Completed, Yes, 2026-08-13 07:17:40
[14.08.2026  08:15:49] Klima og energi - Stromforbruk (SSB): ssb_forbruk.py: Completed, No, 2026-06-18 10:22:29
[14.08.2026  08:15:58] Klima og energi - Installert_effekt (Elhub): installert_effekt.py: Completed, No, 2026-08-13 07:17:40
[14.08.2026  08:16:36] Idrett friluftsliv og frivillighet - Jegere: andel_jegere.py: Completed, No, 2026-04-10 07:14:40
[14.08.2026  08:16:44] Innvandrere - Flyktninger og arbeidsinnvandrere: andel_flyktninger_og_arbeidsinnvandrere.py: Completed, No, 2026-08-06 14:26:54
[14.08.2026  08:16:53] Innvandrere - Botid: botid.py: Completed, No, 2026-06-01 07:16:12
[14.08.2026  08:17:02] Innvandrere - Bosatt: innvandrere_bosatt.py: Completed, No, 2026-08-06 14:07:57
[14.08.2026  08:17:14] Innvandrere - Innvandringsgrunn: innvandringsgrunn.py: Completed, No, 2025-11-06 08:14:35
[14.08.2026  08:17:22] Innvandrere - Lavinntekt: andel_innvandrere_i_lavinntekt_fhi.py: Completed, No, 2026-08-13 07:18:38
[14.08.2026  08:17:30] Innvandrere - Sysselsatte: andel_sysselsatte_innvandrere.py: Completed, No, 2026-03-16 10:37:18
[14.08.2026  08:17:40] Innvandrere - Sysselsatte etter botid og bakgrunn: andel_sysselsatte_etter_botid_og_landbakgrunn.py: Completed, No, 2026-06-08 07:17:14
[14.08.2026  08:17:49] Innvandrerbefolkningen - Sysselsatte etter bakgrunn: andel_sysselsatte_etter_bakgrunn.py: Completed, No, 2026-06-08 09:59:21
[14.08.2026  08:17:57] Innvandrere - Deltakere introduksjonsprogrammet: deltakere_introduksjonsprogram.py: Completed, No, 2026-06-17 07:17:08
[14.08.2026  08:18:05] Innvandrere - Etter introduksjonsprogrammet: etter_introduksjonsprogram.py: Completed, No, 2026-03-17 08:15:09
[14.08.2026  08:18:12] Innvandrere - Enslige mindreaarige: enslige_mindreaarige.py: Completed, No, 2025-11-04 08:15:05
[14.08.2026  08:18:19] Innvandrere - Anmodninger og faktisk bosetting: anmodninger_og_faktisk_bosetting.py: Completed, No, 2026-08-04 07:25:37
[14.08.2026  08:18:27] Innvandrere - Sekundaerflytting: sekundaerflytting.py: Completed, No, 2024-12-12 12:12:41
[14.08.2026  08:18:35] Innvandrere - Fullfort VGO: innv_fullfort_vgo.py: Completed, No, 2026-08-05 09:24:06
[14.08.2026  08:18:45] Innvandrere - Hoyeste utdanning: innv_hoyeste_utdanning.py: Completed, No, 2025-11-07 08:22:24
[14.08.2026  08:18:52] Folkehelse - Grunnskolepoeng etter foreldrenes utdanningsnivå: grunnskolepoeng_etter_foreldrenes_utdanningsnivaa.py: Completed, No, 2026-08-13 07:20:11
[14.08.2026  08:19:00] Folkehelse - Leseferdigheter treårig 5. og 8. trinn: leseferdigheter_treaarig_5_og_8_trinn.py: Completed, No, 2026-08-03 09:12:05
[14.08.2026  08:19:07] Folkehelse - Mobbing 7. trinn treårig: mobbing_7_trinn_treaarig.py: Completed, No, 2026-07-03 12:15:16
[14.08.2026  08:19:15] Folkehelse - Regneferdighet treårig 5. og 8. trinn: regneferdighet_treaarig_5_og_8_trinn.py: Completed, No, 2026-08-03 09:12:23
[14.08.2026  08:19:23] Folkehelse - Trivsel 10. klasse treårig: trivsel_10_klasse_treaarig.py: Completed, No, 2026-07-03 11:54:27
[14.08.2026  08:19:30] Folkehelse - Dødsårsaker tiårig: doedsaarsaker_tiaarig.py: Completed, No, 2026-07-02 13:25:15
[14.08.2026  08:19:37] Folkehelse - Selvmord: selvmord.py: Completed, No, 2026-07-03 09:02:01
[14.08.2026  08:19:45] Folkehelse - Forventet levealder 7 årig: forventet_levealder_7_aarig.py: Completed, No, 2026-07-03 11:16:56
[14.08.2026  08:19:53] Folkehelse - Forventet levealder etter utdanningsnivå: forventet_levealder_etter_utdanningsnivaa.py: Completed, No, 2026-07-03 09:42:11
[14.08.2026  08:20:00] Folkehelse - Hjerte- og karsykdom - primærhelsetjenesten, treårige tall: hjerte_og_karsykdom_primaerhelsetjenesten_treaarige_tall.py: Completed, No, 2026-07-02 13:26:03
[14.08.2026  08:20:08] Folkehelse - Sykehusinnlagte sykdommer og skader: sykehusinnlagte_sykdommer_og_skader.py: Completed, No, 2026-07-02 08:27:42
[14.08.2026  08:20:19] Folkehelse - Psykiske symptomer og lidelser - primærhelsetjenesten, ettårige tall: psykiske_symptomer_og_lidelser_primaerhelsetjenesten_ettaarige_tall.py: Completed, No, 2026-07-01 08:27:49
[14.08.2026  08:20:27] Folkehelse - Kreft dødsårsak ettårig: kreft_doedsaarsak_ettaarig.py: Completed, No, 2026-07-02 09:55:14
[14.08.2026  08:20:34] Folkehelse - Kreft, nye tilfeller, tiårige tall: kreft_nye_tilfeller_tiaarige_tall.py: Completed, No, 2026-08-05 07:22:18
[14.08.2026  08:20:43] Folkehelse - Muskel- og skjelettplager lidelser, kontakt med primærhelsetjenesten, ettårige tall: muskel_og_skjelettplager_lidelser_kontakt_med_primaerhelsetjenesten_ettaarige_tall.py: Completed, No, 2026-07-02 09:42:33
[14.08.2026  08:20:51] Folkehelse - Overvekt og fedme, 17 år, fireårig: overvekt_og_fedme_17_aar_fireaarig.py: Completed, No, 2026-07-02 13:26:33
[14.08.2026  08:20:58] Folkehelse - Barnevaksinasjonsprogrammet: barnevaksinasjonsprogrammet.py: Completed, No, 2026-08-03 09:14:13
[14.08.2026  08:21:06] Folkehelse - Influensavaksinerte over 65 år: influensavaksinerte_over_65_aar.py: Completed, No, 2026-08-05 12:36:24
[14.08.2026  08:21:13] Folkehelse - Drikkevann: drikkevann.py: Completed, No, 2026-07-01 13:45:39
[14.08.2026  08:21:21] Folkehelse - Luftforurensning: luftforurensning.py: Completed, No, 2026-08-05 11:41:33
[14.08.2026  08:21:28] Folkehelse - barnevern: barnevern.py: Completed, No, 2026-06-29 10:04:22
[14.08.2026  08:21:35] Folkehelse - Inntektsulikhet: inntektsulikhet.py: Completed, No, 2026-07-01 08:33:49
[14.08.2026  08:21:42] Folkehelse - Vedvarende lavinntekt etter innvandringskategori, kommunegrense: vedvarende_lavinntekt_etter_innvandringskategori_kommunegrense.py: Completed, No, 2026-06-29 07:57:18
[14.08.2026  08:21:50] Folkehelse - Bor trangt: bor_trangt.py: Completed, No, 2026-06-29 11:59:03
[14.08.2026  08:21:57] Folkehelse - Hoftebrudd: hoftebrudd.py: Completed, No, 2026-08-05 08:15:58
[14.08.2026  08:22:05] Folkehelse - Skader, sykehusinnlagte, somatikk, treårige tall: skader_sykehusinnlagte_somatikk_treaarige_tall.py: Completed, No, 2026-07-02 13:27:32
[14.08.2026  08:22:12] Folkehelse - Dekningsgrad: dekningsgrad.py: Completed, No, 2026-07-01 09:00:12
[14.08.2026  08:22:21] Folkehelse - Minoriteter bhg pbi: minoriteter_bhg_pbi.py: Completed, No, 2026-06-29 13:41:04
[14.08.2026  08:22:29] Folkehelse - Valgdeltakelse kommunevalg: valgdeltakelse_kommunevalg.py: Completed, No, 2026-08-03 09:37:49
[14.08.2026  08:22:37] Folkehelse - Valgdeltakelse stortingsvalg: valgdeltakelse_stortingsvalg.py: Completed, No, 2026-08-03 09:37:43
[14.08.2026  08:22:46] Folkehelse - Pedagognorm barnehager: pedagognorm.py: Completed, No, 2026-06-29 11:24:22
[14.08.2026  08:23:01] Areal - Jordbruksareal per kommune: jordbruksareal_per_kommune.py: Completed, No, 2026-08-03 09:16:15
[14.08.2026  08:23:09] Areal - Fulldyrka vs ikke-fulldyrka: fulldyrka_vs_ikke-fulldyrka.py: Completed, No, 2026-08-03 09:16:26
[14.08.2026  08:23:18] Bolig - Antall boliger etter type og bosattes alder: antall_boliger_etter_type_og_bosattes_alder.py: Completed, No, 2026-04-29 13:30:10
[14.08.2026  08:23:35] Bolig - Boliger etter boligtype: boliger_etter_boligtype.py: Completed, No, 2026-05-08 13:35:51
[14.08.2026  08:23:45] Bolig - Fullforte boliger etter boligtype: fullførte_boliger_etter_boligtype.py: Completed, No, 2026-05-12 11:06:59
[14.08.2026  08:23:54] Bolig - Husholdninger etter boligtype: husholdninger_etter_boligtype.py: Completed, No, 2026-05-08 13:33:17
[14.08.2026  08:24:02] Bolig - Igangsettelser etter boligtype: igangsettelser_etter_boligtype.py: Completed, No, 2026-05-12 11:13:08
[14.08.2026  08:24:11] Bystrategi Grenland - Utslipp fra vei: klimagassutslipp_vei.py: Completed, No, 2025-09-04 10:44:33
[14.08.2026  08:26:19] Bystrategi Grenland - Luftforurensing: luftforurensning_grenland.py: Completed, No, 2026-06-10 13:12:48
[14.08.2026  08:26:41] Bystrategi Grenland - Arealprofiler: arealprofiler.py: Completed, No, 2025-10-14 08:14:57
[14.08.2026  08:26:54] Boligbehovsanalyse - Framtidig boligbehov: framtidig_boligbehov.py: Completed, No
[14.08.2026  08:27:06] Boligbehovsanalyse - Sykepleierindeksen: sykepleierindeksen.py: Completed, No, 2026-08-13 08:12:49
[2026-08-14 08:29:31.918693] Master script completed
