Loaded .env file from: C:\Analyse\Telemark\Python\token.env
GITHUB_TOKEN loaded successfully.
SSB Klass - Standard for næringsgruppering CSV data loaded successfully.
No exact duplicate rows found.
Found 192 near-duplicate rows with same Nace_5_nr but different Nace_5_navn.

Top 10 near-duplicate rows being removed:
--------------------------------------------------------------------------------
Nace_5_nr: 01.110
Nace_5_navn: Dyrking av korn, unntatt ris, belgvekster og oljeholdige vekster
--------------------------------------------------------------------------------
Nace_5_nr: 01.410
Nace_5_navn: Melkeproduksjon på storfe og oppdrett av melkekyr
--------------------------------------------------------------------------------
Nace_5_nr: 01.420
Nace_5_navn: Oppdrett av annet storfe til kjøttproduksjon og sædproduksjon
--------------------------------------------------------------------------------
Nace_5_nr: 01.430
Nace_5_navn: Hestehold
--------------------------------------------------------------------------------
Nace_5_nr: 01.630
Nace_5_navn: Etterbehandling av vekster etter innhøsting og behandling av såfrø
--------------------------------------------------------------------------------
Nace_5_nr: 01.700
Nace_5_navn: Jakt, fangst, viltstell og tilknyttede tjenester
--------------------------------------------------------------------------------
Nace_5_nr: 03.120
Nace_5_navn: Ferskvannsfiske
--------------------------------------------------------------------------------
Nace_5_nr: 03.211
Nace_5_navn: Produksjon av matfisk, bløtdyr, krepsdyr og pigghuder i hav- og kystbasert akvakultur
--------------------------------------------------------------------------------
Nace_5_nr: 03.212
Nace_5_navn: Produksjon av yngel og settefisk i sjø og brakkvann
--------------------------------------------------------------------------------
Nace_5_nr: 03.221
Nace_5_navn: Produksjon av matfisk, bløtdyr og krepsdyr i ferskvannsbasert akvakultur
--------------------------------------------------------------------------------

Kept first instance of each Nace_5_nr, removed 192 near-duplicates.
Final dataset: 1064 rows with 1064 unique Nace_5_nr values.

Errors:
Traceback (most recent call last):
  File "C:\Analyse\Telemark\Python\Queries/03_Arbeid_og_naeringsliv/Næringsliv/Virksomheter/nace_klassifisering.py", line 235, in <module>
    df_standard_for_naeringsgruppering = restructure_nace_data(df_raw)
  File "C:\Analyse\Telemark\Python\Queries/03_Arbeid_og_naeringsliv/Næringsliv/Virksomheter/nace_klassifisering.py", line 223, in restructure_nace_data
    print("\u2713 Verification passed: All Nace_5_nr values are unique.")
    ~~~~~^^^^^^^^^^^^^^^^^^^^^^^^^^^^^^^^^^^^^^^^^^^^^^^^^^^^^^^^^^^
  File "C:\Users\_eve1509\AppData\Local\anaconda3\envs\analyse\Lib\encodings\cp1252.py", line 19, in encode
    return codecs.charmap_encode(input,self.errors,encoding_table)[0]
           ~~~~~~~~~~~~~~~~~~~~~^^^^^^^^^^^^^^^^^^^^^^^^^^^^^^^^^^
UnicodeEncodeError: 'charmap' codec can't encode character '\u2713' in position 0: character maps to <undefined>
