Loaded .env file from: C:\Analyse\Telemark\Python\token.env
GITHUB_TOKEN loaded successfully.
Request error in Sysselsatte, siste år: 429 Client Error: Too Many Requests for url: https://data.ssb.no/api/v0/no/table/13472/
Error occurred: 429 Client Error: Too Many Requests for url: https://data.ssb.no/api/v0/no/table/13472/

Errors:
Traceback (most recent call last):
  File "C:\Analyse\Telemark\Python\Queries/03_Arbeid_og_naeringsliv/Næringsliv/Naringsstruktur_og_arbeidsplasser/offentlig_vs_privat_sysselsetting.py", line 75, in <module>
    df_siste_aar = fetch_data(
        url=POST_URL_sysselsatte,
    ...<3 lines>...
        response_type="json"
    )
  File "C:\Analyse\Telemark\Python\Helper_scripts\utility_functions.py", line 48, in fetch_data
    response.raise_for_status()
    ~~~~~~~~~~~~~~~~~~~~~~~~~^^
  File "C:\Users\_eve1509\AppData\Local\anaconda3\envs\analyse\Lib\site-packages\requests\models.py", line 1167, in raise_for_status
    raise HTTPError(http_error_msg, response=self)
requests.exceptions.HTTPError: 429 Client Error: Too Many Requests for url: https://data.ssb.no/api/v0/no/table/13472/

During handling of the above exception, another exception occurred:

Traceback (most recent call last):
  File "C:\Analyse\Telemark\Python\Queries/03_Arbeid_og_naeringsliv/Næringsliv/Naringsstruktur_og_arbeidsplasser/offentlig_vs_privat_sysselsetting.py", line 84, in <module>
    raise RuntimeError(
        "A critical error occurred during data fetching, stopping execution."
    )
RuntimeError: A critical error occurred during data fetching, stopping execution.
