Loaded .env file from: C:\Analyse\Telemark\Python\token.env
GITHUB_TOKEN loaded successfully.
Forsørgerevne kommuner JSON-stat data loaded successfully.
Forsørgerevne Telemark fylke JSON-stat data loaded successfully.
Forsørgerevne Norge JSON-stat data loaded successfully.
Kommuner raw data: 68 rows
      region              alder statistikkvariabel    år  value
0  Porsgrunn             0-5 år           Personer  2026   1992
1  Porsgrunn            6-15 år           Personer  2026   4045
2  Porsgrunn           16-66 år           Personer  2026  24162
3  Porsgrunn  67 år eller eldre           Personer  2026   7236
4      Skien             0-5 år           Personer  2026   3146
5      Skien            6-15 år           Personer  2026   6314
6      Skien           16-66 år           Personer  2026  36443
7      Skien  67 år eller eldre           Personer  2026  11003
8   Notodden             0-5 år           Personer  2026    677
9   Notodden            6-15 år           Personer  2026   1469
Fylke raw data: 4 rows
     region              alder statistikkvariabel    år   value
0  Telemark             0-5 år           Personer  2026    9416
1  Telemark            6-15 år           Personer  2026   19164
2  Telemark           16-66 år           Personer  2026  112728
3  Telemark  67 år eller eldre           Personer  2026   36615
Landet raw data: 4 rows
        region              alder statistikkvariabel    år    value
0  Hele landet             0-5 år           Personer  2026   332053
1  Hele landet            6-15 år           Personer  2026   629931
2  Hele landet           16-66 år           Personer  2026  3705783
3  Hele landet  67 år eller eldre           Personer  2026   959633
Calculated forsørgerevne for 2026
alder         Region  Forsørgerevne (2026)          Label
0             Bamble                   1.7         Bamble
1          Drangedal                   1.7      Drangedal
2           Fyresdal                   1.7       Fyresdal
3           Hjartdal                   1.5       Hjartdal
4            Kragerø                   1.5        Kragerø
5          Kviteseid                   1.6      Kviteseid
6      Midt-Telemark                   1.8  Midt-Telemark
7           Nissedal                   1.4       Nissedal
8               Nome                   1.7           Nome
9           Notodden                   1.7       Notodden
10         Porsgrunn                   1.8      Porsgrunn
11           Seljord                   1.5        Seljord
12            Siljan                   1.5         Siljan
13             Skien                   1.8          Skien
14              Tinn                   1.7           Tinn
15             Tokke                   1.7          Tokke
16             Vinje                   1.6          Vinje
17          Telemark                   1.7       Telemark
18       Hele landet                   1.9    Hele landet
Saved file to C:\Analyse\Telemark\Python\Temp\forsørgerevne.csv
[2026-09-11 08:06:41] No new data to upload. Skipping GitHub update.
Keeping CSV file: C:\Analyse\Telemark\Python\Temp\forsørgerevne.csv
No new data detected.
New data status log written to C:\Analyse\Telemark\Python\Log\new_data_status_Befolkning_-_Forsørgerevne.log
