Loaded .env file from: C:\Analyse\Telemark\Python\token.env
GITHUB_TOKEN loaded successfully.
Aleneboende Norge JSON-stat data loaded successfully.
Aleneboende Telemark fylke JSON-stat data loaded successfully.
Aleneboende kommuner JSON-stat data loaded successfully.
Landet raw data: 11 rows
         region  ...    value
0   Hele landet  ...  1103955
1   Hele landet  ...   648127
2   Hele landet  ...   215593
3   Hele landet  ...   269190
4   Hele landet  ...    20966
5   Hele landet  ...    86210
6   Hele landet  ...   196873
7   Hele landet  ...    98031
8   Hele landet  ...    13510
9   Hele landet  ...    19596
10  Hele landet  ...        0

[11 rows x 5 columns]
Fylke raw data: 11 rows
      region                                   husholdningstype  ...    år  value
0   Telemark                                        Aleneboende  ...  2026  35743
1   Telemark                         Par uten hjemmeboende barn  ...  2026  22442
2   Telemark              Par med små barn (yngste barn 0-5 år)  ...  2026   5917
3   Telemark           Par med store barn (yngste barn 6-17 år)  ...  2026   7950
4   Telemark          Mor/Far med små barn (yngste barn 0-5 år)  ...  2026    834
5   Telemark       Mor/Far med store barn (yngste barn 6-17 år)  ...  2026   3089
6   Telemark  Enfamiliehusholdninger med voksne barn (yngste...  ...  2026   6486
7   Telemark           Flerfamiliehusholdning uten barn 0-17 år  ...  2026   2420
8   Telemark  Flerfamiliehusholdning med små barn (yngste ba...  ...  2026    372
9   Telemark  Flerfamiliehusholdning med store barn (yngste ...  ...  2026    560
10  Telemark                                Andre husholdninger  ...  2026      0

[11 rows x 5 columns]
Kommuner raw data: 187 rows
       region                                   husholdningstype  ...    år  value
0   Porsgrunn                                        Aleneboende  ...  2026   7523
1   Porsgrunn                         Par uten hjemmeboende barn  ...  2026   4671
2   Porsgrunn              Par med små barn (yngste barn 0-5 år)  ...  2026   1242
3   Porsgrunn           Par med store barn (yngste barn 6-17 år)  ...  2026   1749
4   Porsgrunn          Mor/Far med små barn (yngste barn 0-5 år)  ...  2026    185
5   Porsgrunn       Mor/Far med store barn (yngste barn 6-17 år)  ...  2026    655
6   Porsgrunn  Enfamiliehusholdninger med voksne barn (yngste...  ...  2026   1345
7   Porsgrunn           Flerfamiliehusholdning uten barn 0-17 år  ...  2026    562
8   Porsgrunn  Flerfamiliehusholdning med små barn (yngste ba...  ...  2026     84
9   Porsgrunn  Flerfamiliehusholdning med store barn (yngste ...  ...  2026    140
10  Porsgrunn                                Andre husholdninger  ...  2026      0
11      Skien                                        Aleneboende  ...  2026  11248
12      Skien                         Par uten hjemmeboende barn  ...  2026   6926
13      Skien              Par med små barn (yngste barn 0-5 år)  ...  2026   1975
14      Skien           Par med store barn (yngste barn 6-17 år)  ...  2026   2559

[15 rows x 5 columns]
Calculated andel aleneboende for 2026
husholdningstype         Region  Andel aleneboende (2026)          Label
0                        Bamble                        37         Bamble
1                     Drangedal                        41      Drangedal
2                      Fyresdal                        44       Fyresdal
3                      Hjartdal                        37       Hjartdal
4                       Kragerø                        44        Kragerø
5                     Kviteseid                        44      Kviteseid
6                 Midt-Telemark                        44  Midt-Telemark
7                      Nissedal                        38       Nissedal
8                          Nome                        41           Nome
9                      Notodden                        43       Notodden
10                    Porsgrunn                        41      Porsgrunn
11                      Seljord                        42        Seljord
12                       Siljan                        33         Siljan
13                        Skien                        41          Skien
14                         Tinn                        46           Tinn
15                        Tokke                        45          Tokke
16                        Vinje                        43          Vinje
17                     Telemark                        42       Telemark
18                  Hele landet                        41    Hele landet
Saved file to C:\Analyse\Telemark\Python\Temp\aleneboende.csv
[2026-10-08 08:06:54] No new data to upload. Skipping GitHub update.
Keeping CSV file: C:\Analyse\Telemark\Python\Temp\aleneboende.csv
No new data detected.
New data status log written to C:\Analyse\Telemark\Python\Log\new_data_status_Befolkning_-_Aleneboende.log
