Loaded .env file from: C:\Analyse\Telemark\Python\token.env
GITHUB_TOKEN loaded successfully.
Found 5 PDFs on GitHub:
  2024_2_sykepleierindeksen.pdf
  2025_1_sykepleierindeksen.pdf
  2025_2_sykepleierindeksen.pdf
  2026_1_sykepleierindeksen.pdf
  2026_2_sykepleierindeksen.pdf

Processing: 2024_2_sykepleierindeksen.pdf (period: 2024_2)
  [alle_omrader] Page 6: 17 areas found
  [telemark] Page not found (no page with >= 3 Telemark municipalities)
  [nødvendig_inntekt] Page 11: 24 total numbers, axis at x=60, 16 data values
  [nødvendig_inntekt] 16 values, 16 names -> 16 rows
    Porsgrunn/Skien: 333322
    Ålesund m/Sula: 405120
    Kristiansand: 421966
    Fredrikstad/Sarpsborg: 442919
    Hamar m/Stange: 444160
    Bodø m/Fauske: 488580
    Tønsberg m/Færder: 505000
    Trondheim: 518000
    Stavanger m/omegn: 531074
    Drammen m/omegn: 531125
    Bergen: 533303
    Tromsø: 560707
    Romerike: 570000
    Follo: 660619
    Asker/Bærum: 760000
    Oslo: 761664

Processing: 2025_1_sykepleierindeksen.pdf (period: 2025_1)
  [alle_omrader] Page 6: 17 areas found
  [telemark] Page not found (no page with >= 3 Telemark municipalities)
  [nødvendig_inntekt] Page 11: 24 total numbers, axis at x=60, 16 data values
  [nødvendig_inntekt] 16 values, 16 names -> 16 rows
    Porsgrunn/Skien: 395000
    Ålesund m/Sula: 425000
    Kristiansand: 450000
    Hamar m/Stange: 455000
    Fredrikstad/Sarpsborg: 460000
    Bodø m/Fauske: 479000
    Tønsberg m/Færder: 492000
    Trondheim: 517000
    Drammen m/omegn: 525000
    Bergen: 537000
    Stavanger m/omegn: 545000
    Romerike: 560000
    Tromsø: 560000
    Follo: 660000
    Asker/Bærum: 758000
    Oslo: 760000

Processing: 2025_2_sykepleierindeksen.pdf (period: 2025_2)
  [alle_omrader] Page 6: 17 areas found
  [telemark] Page 16: Telemark section y=60 to 247
  [telemark] 7 values, 7 names -> 7 rows
    Bamble: 54.0%
    Distr. i: 88.0%
    Kragerø: 66.0%
    Midt-Telemark: 69.0%
    Notodden: 83.0%
    Porsgrunn: 65.0%
    Skien: 65.0%
  [nødvendig_inntekt] Page 11: 25 total numbers, axis at x=60, 16 data values
  [nødvendig_inntekt] 16 values, 16 names -> 16 rows
    Porsgrunn/Skien: 330000
    Ålesund m/omegn: 420000
    Fredrikstad/Sarpsborg: 450000
    Hamar m/Stange: 460000
    Kristiansand m/omegn: 480000
    Tønsberg m/Færder: 520000
    Bodø m/Fauske: 530000
    Drammen m/omegn: 530000
    Trondheim: 530000
    Romerike: 580000
    Bergen: 600000
    Tromsø: 610000
    Stavanger m/omegn: 620000
    Follo: 710000
    Asker/Bærum: 790000
    Oslo: 790000

Processing: 2026_1_sykepleierindeksen.pdf (period: 2026_1)
  [alle_omrader] Page 6: 17 areas found
  [telemark] Page 16: Telemark section y=60 to 247
  [telemark] 7 values, 7 names -> 7 rows
    Bamble: 56.0%
    Distr. i: 90.0%
    Kragerø: 71.0%
    Midt-Telemark: 70.0%
    Notodden: 77.0%
    Porsgrunn: 63.0%
    Skien: 64.0%
  [nødvendig_inntekt] Page 11: 25 total numbers, axis at x=60, 16 data values
  [nødvendig_inntekt] 16 values, 16 names -> 16 rows
    Porsgrunn/Skien: 330000
    Ålesund m/omegn: 420000
    Fredrikstad/Sarpsborg: 450000
    Hamar m/Stange: 460000
    Kristiansand m/omegn: 470000
    Tønsberg m/Færder: 510000
    Bodø m/Fauske: 520000
    Trondheim: 520000
    Drammen m/omegn: 530000
    Romerike: 590000
    Bergen: 610000
    Tromsø: 620000
    Stavanger m/omegn: 630000
    Follo: 700000
    Asker/Bærum: 780000
    Oslo: 790000

Processing: 2026_2_sykepleierindeksen.pdf (period: 2026_2)
  [alle_omrader] Page 6: 17 areas found
  [telemark] Page 16: Telemark section y=60 to 247
  [telemark] 7 values, 7 names -> 7 rows
    Bamble: 57.0%
    Distr. i: 82.0%
    Kragerø: 61.0%
    Midt-Telemark: 79.0%
    Notodden: 75.0%
    Porsgrunn: 60.0%
    Skien: 63.0%
  [nødvendig_inntekt] Page 11: 25 total numbers, axis at x=60, 16 data values
  [nødvendig_inntekt] 16 values, 16 names -> 16 rows
    Porsgrunn/Skien: 390000
    Fredrikstad/Sarpsborg: 480000
    Ålesund m/omegn: 480000
    Hamar m/Stange: 520000
    Kristiansand m/omegn: 530000
    Drammen m/omegn: 550000
    Tønsberg m/Færder: 560000
    Bodø m/Fauske: 570000
    Trondheim: 570000
    Romerike: 640000
    Bergen: 710000
    Stavanger m/omegn: 730000
    Tromsø: 730000
    Follo: 750000
    Asker/Bærum: 830000
    Oslo: 840000

Extracting historisk from latest PDF: 2026_2_sykepleierindeksen.pdf (period: 2026_2)
  [historisk] Found on pages: [7, 9, 10]
    Page 9 year header: ['2005', '2006', '2007', '2008', '2009', '2010', '2011', '2012', '2013', '2014', '2015', '2016', '2017', '2018', '2019', '2020', '2021', '2022', '2023', '2024', '2025', '2026']
    Page 10 year header: ['2017', '2018', '2019', '2020', '2021', '2022', '2023', '2024', '2025', '2026']
  [historisk] Dropped empty year columns: ['2005', '2006', '2007', '2008', '2009', '2010', '2011', '2012', '2013', '2014', '2015', '2016']
  [historisk] 3 pages, 17 areas, years: 2017-2026
    Asker/Bærum: None, None, None, None...
    Bergen: None, None, None, None...
    Bodø m/Fauske: None, None, None, None...

--- Results ---
Alle områder: 85 rows across 5 periods
Telemark: 21 rows across 3 periods
Nødvendig inntekt: 80 rows across 5 periods
Historisk: (170, 3) (from 2026_2)

--- Alle områder (sample) ---
Periode            Område  Andel
 2024_2              Oslo    2.4
 2024_2       Asker/Bærum    3.6
 2024_2             Follo    8.2
 2024_2          Romerike   21.4
 2024_2            Tromsø   24.0
 2024_2 Stavanger m/omegn   26.5
 2024_2   Drammen m/omegn   27.1
 2024_2 Tønsberg m/Færder   27.7
 2024_2            Bergen   30.1
 2024_2             Norge   31.4

--- Telemark (sample) ---
Periode        Område  Andel
 2025_2        Bamble   54.0
 2025_2      Distr. i   88.0
 2025_2       Kragerø   66.0
 2025_2 Midt-Telemark   69.0
 2025_2      Notodden   83.0
 2025_2     Porsgrunn   65.0
 2025_2         Skien   65.0
 2026_1        Bamble   56.0
 2026_1      Distr. i   90.0
 2026_1       Kragerø   71.0

--- Nødvendig inntekt (sample) ---
Periode                Område  Nødvendig inntekt
 2024_2       Porsgrunn/Skien             333322
 2024_2        Ålesund m/Sula             405120
 2024_2          Kristiansand             421966
 2024_2 Fredrikstad/Sarpsborg             442919
 2024_2        Hamar m/Stange             444160
 2024_2         Bodø m/Fauske             488580
 2024_2     Tønsberg m/Færder             505000
 2024_2             Trondheim             518000
 2024_2     Stavanger m/omegn             531074
 2024_2       Drammen m/omegn             531125

--- Historisk (sample) ---
     Område         År  Andel
Asker/Bærum 2017-01-01  0.032
Asker/Bærum 2018-01-01  0.030
Asker/Bærum 2019-01-01  0.029
Asker/Bærum 2020-01-01  0.030
Asker/Bærum 2021-01-01  0.016
Saved file to C:\Analyse\Telemark\Python\Temp\sykepleierindeksen_alle_områder.csv
[2026-09-09 11:51:22] No new data to upload. Skipping GitHub update.
Keeping CSV file: C:\Analyse\Telemark\Python\Temp\sykepleierindeksen_alle_områder.csv
No new data: sykepleierindeksen_alle_områder.csv
Saved file to C:\Analyse\Telemark\Python\Temp\sykepleierindeks_telemark.csv
[2026-09-09 11:51:23] No new data to upload. Skipping GitHub update.
Keeping CSV file: C:\Analyse\Telemark\Python\Temp\sykepleierindeks_telemark.csv
No new data: sykepleierindeks_telemark.csv
Saved file to C:\Analyse\Telemark\Python\Temp\nødvendig_inntekt.csv
[2026-09-09 11:51:23] No new data to upload. Skipping GitHub update.
Keeping CSV file: C:\Analyse\Telemark\Python\Temp\nødvendig_inntekt.csv
No new data: nødvendig_inntekt.csv
Saved file to C:\Analyse\Telemark\Python\Temp\sykepleierindeksen_historisk_alle_områder.csv
[2026-09-09 11:51:23] No new data to upload. Skipping GitHub update.
Keeping CSV file: C:\Analyse\Telemark\Python\Temp\sykepleierindeksen_historisk_alle_områder.csv
No new data: sykepleierindeksen_historisk_alle_områder.csv

Done!
