Loaded .env file from: C:\Analyse\Telemark\Python\token.env
GITHUB_TOKEN loaded successfully.
=== Luftforurensning Grenland (Excel) ===
Script started: 2026-09-07 14:09:34
=== Listing Excel files from GitHub ===
Found 20 Excel files:
  - PM10 og NO2 døgn 2014 (KM og FM, mangler).xlsx
  - PM10 og NO2 døgn 2015 (KM og FM mangler).xlsx
  - PM10 og NO2 døgn 2016 (KM mangler).xlsx
  - PM10 og NO2 døgn 2017.xlsx
  - PM10 og NO2 døgn 2018.xlsx
  - PM10 og NO2 døgn 2019.xlsx
  - PM10 og NO2 døgn 2020.xlsx
  - PM10 og NO2 døgn 2021.xlsx
  - PM10 og NO2 døgn 2022.xlsx
  - PM10 og NO2 døgn 2023.xlsx
  - PM10 og NO2 døgn 2024.xlsx
  - PM10 og NO2 Døgn August 2025.xlsx
  - PM10 og NO2 Døgn Sep Okt 2025.xlsx
  - PM10 og NO2 døgn Juli 2025.xlsx
  - PM10 og NO2 døgn des 2025.xlsx
  - PM10 og NO2 døgn jan-jun 2025.xlsx
  - PM10 og NO2 døgn november 2025.xlsx
  - PM10 og NO2 døgn jan-feb 2026.xlsx
  - PM10 og NO2 døgn mai 2026.xlsx
  - PM10 og NO2 døgn mars-mai 2026.xlsx

Downloading: PM10 og NO2 døgn 2014 (KM og FM, mangler).xlsx
  Loaded 365 rows, 12 cols

Downloading: PM10 og NO2 døgn 2015 (KM og FM mangler).xlsx
  Loaded 365 rows, 12 cols

Downloading: PM10 og NO2 døgn 2016 (KM mangler).xlsx
  Loaded 366 rows, 16 cols

Downloading: PM10 og NO2 døgn 2017.xlsx
  Loaded 335 rows, 20 cols

Downloading: PM10 og NO2 døgn 2018.xlsx
  Loaded 365 rows, 20 cols

Downloading: PM10 og NO2 døgn 2019.xlsx
  Loaded 365 rows, 20 cols

Downloading: PM10 og NO2 døgn 2020.xlsx
  Loaded 366 rows, 20 cols

Downloading: PM10 og NO2 døgn 2021.xlsx
  Loaded 365 rows, 20 cols

Downloading: PM10 og NO2 døgn 2022.xlsx
  Loaded 365 rows, 20 cols

Downloading: PM10 og NO2 døgn 2023.xlsx
  Loaded 365 rows, 20 cols

Downloading: PM10 og NO2 døgn 2024.xlsx
  Loaded 366 rows, 20 cols

Downloading: PM10 og NO2 Døgn August 2025.xlsx
  Loaded 31 rows, 20 cols

Downloading: PM10 og NO2 Døgn Sep Okt 2025.xlsx
  Loaded 61 rows, 20 cols

Downloading: PM10 og NO2 døgn Juli 2025.xlsx
  Loaded 31 rows, 20 cols

Downloading: PM10 og NO2 døgn des 2025.xlsx
  Loaded 31 rows, 20 cols

Downloading: PM10 og NO2 døgn jan-jun 2025.xlsx
  Loaded 181 rows, 20 cols

Downloading: PM10 og NO2 døgn november 2025.xlsx
  Loaded 30 rows, 20 cols

Downloading: PM10 og NO2 døgn jan-feb 2026.xlsx
  Loaded 59 rows, 20 cols

Downloading: PM10 og NO2 døgn mai 2026.xlsx
  Loaded 36 rows, 21 cols

Downloading: PM10 og NO2 døgn mars-mai 2026.xlsx
  Loaded 62 rows, 20 cols

Combining 20 DataFrames...
  Standardized DataFrame 1: (365, 41)
  Standardized DataFrame 2: (365, 41)
  Standardized DataFrame 3: (366, 41)
  Standardized DataFrame 4: (335, 41)
  Standardized DataFrame 5: (365, 41)
  Standardized DataFrame 6: (365, 41)
  Standardized DataFrame 7: (366, 41)
  Standardized DataFrame 8: (365, 41)
  Standardized DataFrame 9: (365, 41)
  Standardized DataFrame 10: (365, 41)
  Standardized DataFrame 11: (366, 41)
  Standardized DataFrame 12: (31, 41)
  Standardized DataFrame 13: (61, 41)
  Standardized DataFrame 14: (31, 41)
  Standardized DataFrame 15: (31, 41)
  Standardized DataFrame 16: (181, 41)
  Standardized DataFrame 17: (30, 41)
  Standardized DataFrame 18: (59, 41)
  Standardized DataFrame 19: (36, 41)
  Standardized DataFrame 20: (62, 41)
  Dropping 36 rows with invalid/missing 'Fra-tid'

=== Final transformations ===

Errors:
Traceback (most recent call last):
  File "C:\Analyse\Telemark\Python\Queries/Bystrategi_Grenland/Klima/luftforurensning_grenland.py", line 482, in <module>
    main()
    ~~~~^^
  File "C:\Analyse\Telemark\Python\Queries/Bystrategi_Grenland/Klima/luftforurensning_grenland.py", line 386, in main
    df = load_and_combine_luftforurensing_from_github_excel()
  File "C:\Analyse\Telemark\Python\Queries/Bystrategi_Grenland/Klima/luftforurensning_grenland.py", line 306, in load_and_combine_luftforurensing_from_github_excel
    print("\u2713 Removed 'Til-tid'")
    ~~~~~^^^^^^^^^^^^^^^^^^^^^^^
  File "C:\Users\_eve1509\AppData\Local\anaconda3\envs\analyse\Lib\encodings\cp1252.py", line 19, in encode
    return codecs.charmap_encode(input,self.errors,encoding_table)[0]
           ~~~~~~~~~~~~~~~~~~~~~^^^^^^^^^^^^^^^^^^^^^^^^^^^^^^^^^^
UnicodeEncodeError: 'charmap' codec can't encode character '\u2713' in position 0: character maps to <undefined>
