Loaded .env file from: C:\Analyse\Telemark\Python\token.env
GITHUB_TOKEN loaded successfully.
Temp folder: C:\Analyse\Telemark\Python\Temp
Checking GitHub for existing data...
Discovering datasets in the series...

Found 11 datasets:
  2016: Befolkning på rutenett 250 m 2016 (UUID: 7a5782c4-4e54-412f-8d0e-09140a456543)
  2017: Befolkning på rutenett 250 m 2017 (UUID: fa79e0b3-3b66-4fd1-8d0c-07fd59a7e168)
  2018: Befolkning på rutenett 250 m 2018 (UUID: 65877687-46c7-4926-94a5-7974f1f8606b)
  2019: Befolkning på rutenett 250 m 2019 (UUID: f0cc3cb9-e06b-4a3f-93f0-b66aaad06cd2)
  2020: Befolkning på rutenett 250 m 2020 (UUID: 4aa1809c-0c35-42ef-801d-0558b47a0c20)
  2021: Befolkning på rutenett 250 m 2021 (UUID: ddf1864a-2852-4f6b-96ea-680712a6f664)
  2022: Befolkning på rutenett 250 m 2022 (UUID: be417823-5df2-48ab-91c1-edf28b76e4f5)
  2023: Befolkning på rutenett 250 m 2023 (UUID: 89bc9a2c-5cb8-4780-8c24-7965c0829696)
  2024: Befolkning på rutenett 250 m 2024 (UUID: e668abf5-2fac-472e-976b-1526f1d38bbe)
  2025: Befolkning på rutenett 250 m 2025 (UUID: 8f6e7201-8f95-413a-9bf3-66aadaf05493)
  2026: Befolkning på rutenett 250 m 2026 (UUID: d8f245c0-a002-4d3b-b833-10c638c6a879)

Latest available year from Geonorge: 2026
Latest year on GitHub: 2025

New data available! GitHub has up to 2025, Geonorge has 2026.

Placing orders and downloading 11 datasets...
  Format: FGDB
  Projection: EPSG:25832 (EUREF89 UTM sone 32, 2d)
  Area: Telemark (fylke 40)

[2016] Placing order for: Befolkning på rutenett 250 m 2016
    Downloaded: befolkning_250m_2016.zip (1.8 MB)
[2017] Placing order for: Befolkning på rutenett 250 m 2017
    Downloaded: befolkning_250m_2017.zip (1.8 MB)
[2018] Placing order for: Befolkning på rutenett 250 m 2018
    Downloaded: befolkning_250m_2018.zip (1.8 MB)
[2019] Placing order for: Befolkning på rutenett 250 m 2019
    Downloaded: befolkning_250m_2019.zip (1.8 MB)
[2020] Placing order for: Befolkning på rutenett 250 m 2020
    Downloaded: befolkning_250m_2020.zip (0.9 MB)
[2021] Placing order for: Befolkning på rutenett 250 m 2021
    Downloaded: befolkning_250m_2021.zip (0.9 MB)
[2022] Placing order for: Befolkning på rutenett 250 m 2022
    Downloaded: befolkning_250m_2022.zip (0.9 MB)
[2023] Placing order for: Befolkning på rutenett 250 m 2023
    Downloaded: befolkning_250m_2023.zip (0.9 MB)
[2024] Placing order for: Befolkning på rutenett 250 m 2024
    Downloaded: befolkning_250m_2024.zip (0.9 MB)
[2025] Placing order for: Befolkning på rutenett 250 m 2025
    Downloaded: befolkning_250m_2025.zip (0.8 MB)
[2026] Placing order for: Befolkning på rutenett 250 m 2026
    Downloaded: befolkning_250m_2026.zip (0.8 MB)

Downloaded 11 files.

Extracting and converting to CSV...
Found 11 zip files to process.

[2016] Processing: befolkning_250m_2016.zip
    Extracted 46 items
    Reading: Befolkning_38_Vestfold_og_Telemark_25832_BefolkningsstatistikkRutenett250m2016_FGDB.gdb
    Shape: (18500, 14)
    Saved CSV: befolkning_250m_2016.csv (18500 rows)

[2017] Processing: befolkning_250m_2017.zip
    Extracted 46 items
    Reading: Befolkning_38_Vestfold_og_Telemark_25832_BefolkningsstatistikkRutenett250m2017_FGDB.gdb
    Shape: (18513, 14)
    Saved CSV: befolkning_250m_2017.csv (18513 rows)

[2018] Processing: befolkning_250m_2018.zip
    Extracted 46 items
    Reading: Befolkning_38_Vestfold_og_Telemark_25832_BefolkningsstatistikkRutenett250m2018_FGDB.gdb
    Shape: (18534, 14)
    Saved CSV: befolkning_250m_2018.csv (18534 rows)

[2019] Processing: befolkning_250m_2019.zip
    Extracted 46 items
    Reading: Befolkning_38_Vestfold_og_Telemark_25832_BefolkningsstatistikkRutenett250m2019_FGDB.gdb
    Shape: (18518, 16)
    Saved CSV: befolkning_250m_2019.csv (18518 rows)

[2020] Processing: befolkning_250m_2020.zip
    Extracted 45 items
    Reading: Befolkning_40_Telemark_25832_BefolkningsstatistikkRutenett250m2020_FGDB.gdb
    Shape: (10013, 11)
    Saved CSV: befolkning_250m_2020.csv (10013 rows)

[2021] Processing: befolkning_250m_2021.zip
    Extracted 45 items
    Reading: Befolkning_40_Telemark_25832_BefolkningsstatistikkRutenett250m2021_FGDB.gdb
    Shape: (10070, 11)
    Saved CSV: befolkning_250m_2021.csv (10070 rows)

[2022] Processing: befolkning_250m_2022.zip
    Extracted 45 items
    Reading: Befolkning_40_Telemark_25832_BefolkningsstatistikkRutenett250m2022_FGDB.gdb
    Shape: (10071, 11)
    Saved CSV: befolkning_250m_2022.csv (10071 rows)

[2023] Processing: befolkning_250m_2023.zip
    Extracted 45 items
    Reading: Befolkning_40_Telemark_25832_BefolkningsstatistikkRutenett250m2023_FGDB.gdb
    Shape: (10140, 11)
    Saved CSV: befolkning_250m_2023.csv (10140 rows)

[2024] Processing: befolkning_250m_2024.zip
    Extracted 45 items
    Reading: Befolkning_40_Telemark_25832_BefolkningsstatistikkRutenett250m2024_FGDB.gdb
    Shape: (10174, 11)
    Saved CSV: befolkning_250m_2024.csv (10174 rows)

[2025] Processing: befolkning_250m_2025.zip
    Extracted 45 items
    Reading: Befolkning_40_Telemark_25832_BefolkningsstatistikkRutenett250m2025_FGDB.gdb
    Shape: (10174, 11)
    Saved CSV: befolkning_250m_2025.csv (10174 rows)

[2026] Processing: befolkning_250m_2026.zip
    Extracted 45 items
    Reading: Befolkning_40_Telemark_25832_BefolkningsstatistikkRutenett250m2026_FGDB.gdb
    Shape: (10205, 11)
    Saved CSV: befolkning_250m_2026.csv (10205 rows)
  Deleted: befolkning_250m_2016.zip
  Deleted: befolkning_250m_2017.zip
  Deleted: befolkning_250m_2018.zip
  Deleted: befolkning_250m_2019.zip
  Deleted: befolkning_250m_2020.zip
  Deleted: befolkning_250m_2021.zip
  Deleted: befolkning_250m_2022.zip
  Deleted: befolkning_250m_2023.zip
  Deleted: befolkning_250m_2024.zip
  Deleted: befolkning_250m_2025.zip
  Deleted: befolkning_250m_2026.zip

Converted 11 files to CSV.

Combining all Geonorge years into a single dataset...
  Total rows: 144912
  Years covered: [np.int64(2016), np.int64(2017), np.int64(2018), np.int64(2019), np.int64(2020), np.int64(2021), np.int64(2022), np.int64(2023), np.int64(2024), np.int64(2025), np.int64(2026)]
  Saved: befolkning_250m_2016_and_later.csv
  Deleted: befolkning_250m_2016.csv
  Deleted: befolkning_250m_2017.csv
  Deleted: befolkning_250m_2018.csv
  Deleted: befolkning_250m_2019.csv
  Deleted: befolkning_250m_2020.csv
  Deleted: befolkning_250m_2021.csv
  Deleted: befolkning_250m_2022.csv
  Deleted: befolkning_250m_2023.csv
  Deleted: befolkning_250m_2024.csv
  Deleted: befolkning_250m_2025.csv
  Deleted: befolkning_250m_2026.csv

Filtering to Grenland cells...
  Grenland grid cells: 19173
  Rows matching Grenland: 26080
  Saved: befolkning_250m_2016_and_later_grenland.csv (26080 rows)

Combining with manually downloaded data (2001-2015)...
  Processed 0 manual files.
  Geonorge API: 26080 rows (2016-01-01 to 2026-01-01)

  Final dataset: befolkning_250m_grenland.csv
  Total rows: 26080
  Years: 2016-01-01 to 2026-01-01 (11 years)
  Unique grid cells: 2466
Saved file to C:\Analyse\Telemark\Python\Temp\befolkning_250m_2016_and_later.csv
[2026-09-14 08:23:00] Row count changed: 134707 -> 144912

Added rows (showing up to 10):
SHAPE_Area: , SHAPE_Length: , datauttaksdato: 2026-09-11 10:19:34, fylkeid: , kommuneid: , lokalid: 01fcac92-fe2a-4c99-9799-a670c4a70594, navnerom: http://data.geonorge.no/sosi/befolkning/befolkning_rutenett_250_2026, objid: , objtype: BefolkningPåRuter250m, oppdateringsdato: 2026-01-01 00:00:00, opphav: SSB, poptot: 10, ssbid250m: 20627506657500, statistikkar: 2026, versjonid: 20260101, year: 2026
SHAPE_Area: , SHAPE_Length: , datauttaksdato: 2026-09-11 10:18:57, fylkeid: , kommuneid: , lokalid: abbc1888-6d88-4609-8bcf-baa1d3c2a13c, navnerom: http://data.geonorge.no/sosi/befolkning/befolkning_rutenett_250_2026, objid: , objtype: BefolkningPåRuter250m, oppdateringsdato: 2026-01-01 00:00:00, opphav: SSB, poptot: 1, ssbid250m: 21035006640250, statistikkar: 2026, versjonid: 20260101, year: 2026
SHAPE_Area: , SHAPE_Length: , datauttaksdato: 2026-09-11 10:18:57, fylkeid: , kommuneid: , lokalid: 8ba3b7d4-a2fb-4be3-b79b-0bd08259ae7d, navnerom: http://data.geonorge.no/sosi/befolkning/befolkning_rutenett_250_2026, objid: , objtype: BefolkningPåRuter250m, oppdateringsdato: 2026-01-01 00:00:00, opphav: SSB, poptot: 3, ssbid250m: 21037506640500, statistikkar: 2026, versjonid: 20260101, year: 2026
SHAPE_Area: , SHAPE_Length: , datauttaksdato: 2026-09-11 10:18:57, fylkeid: , kommuneid: , lokalid: 63d97560-dd20-45ac-b2a0-4d724fd1b72a, navnerom: http://data.geonorge.no/sosi/befolkning/befolkning_rutenett_250_2026, objid: , objtype: BefolkningPåRuter250m, oppdateringsdato: 2026-01-01 00:00:00, opphav: SSB, poptot: 1, ssbid250m: 21040006640500, statistikkar: 2026, versjonid: 20260101, year: 2026
SHAPE_Area: , SHAPE_Length: , datauttaksdato: 2026-09-11 10:18:57, fylkeid: , kommuneid: , lokalid: b62d1c82-d91d-4a14-b74c-d18a2c5600a5, navnerom: http://data.geonorge.no/sosi/befolkning/befolkning_rutenett_250_2026, objid: , objtype: BefolkningPåRuter250m, oppdateringsdato: 2026-01-01 00:00:00, opphav: SSB, poptot: 2, ssbid250m: 21042506640500, statistikkar: 2026, versjonid: 20260101, year: 2026
SHAPE_Area: , SHAPE_Length: , datauttaksdato: 2026-09-11 10:18:57, fylkeid: , kommuneid: , lokalid: 24e5f71e-4aad-4629-824b-5b7595edef26, navnerom: http://data.geonorge.no/sosi/befolkning/befolkning_rutenett_250_2026, objid: , objtype: BefolkningPåRuter250m, oppdateringsdato: 2026-01-01 00:00:00, opphav: SSB, poptot: 10, ssbid250m: 21047506640500, statistikkar: 2026, versjonid: 20260101, year: 2026
SHAPE_Area: , SHAPE_Length: , datauttaksdato: 2026-09-11 10:18:57, fylkeid: , kommuneid: , lokalid: 2bd6f6ee-0735-44fc-83a9-5de116f45171, navnerom: http://data.geonorge.no/sosi/befolkning/befolkning_rutenett_250_2026, objid: , objtype: BefolkningPåRuter250m, oppdateringsdato: 2026-01-01 00:00:00, opphav: SSB, poptot: 2, ssbid250m: 21040006634000, statistikkar: 2026, versjonid: 20260101, year: 2026
SHAPE_Area: , SHAPE_Length: , datauttaksdato: 2026-09-11 10:18:57, fylkeid: , kommuneid: , lokalid: 6d5b80d4-5b3b-4351-bc91-7cf93740a783, navnerom: http://data.geonorge.no/sosi/befolkning/befolkning_rutenett_250_2026, objid: , objtype: BefolkningPåRuter250m, oppdateringsdato: 2026-01-01 00:00:00, opphav: SSB, poptot: 6, ssbid250m: 21052506635500, statistikkar: 2026, versjonid: 20260101, year: 2026
SHAPE_Area: , SHAPE_Length: , datauttaksdato: 2026-09-11 10:18:57, fylkeid: , kommuneid: , lokalid: 9e42f445-522b-4ebc-b0ca-107260ae5246, navnerom: http://data.geonorge.no/sosi/befolkning/befolkning_rutenett_250_2026, objid: , objtype: BefolkningPåRuter250m, oppdateringsdato: 2026-01-01 00:00:00, opphav: SSB, poptot: 4, ssbid250m: 21060006635500, statistikkar: 2026, versjonid: 20260101, year: 2026
SHAPE_Area: , SHAPE_Length: , datauttaksdato: 2026-09-11 10:18:57, fylkeid: , kommuneid: , lokalid: a8c45d8d-d227-409e-8139-9e781d8e6f2a, navnerom: http://data.geonorge.no/sosi/befolkning/befolkning_rutenett_250_2026, objid: , objtype: BefolkningPåRuter250m, oppdateringsdato: 2026-01-01 00:00:00, opphav: SSB, poptot: 3, ssbid250m: 21057506635000, statistikkar: 2026, versjonid: 20260101, year: 2026
... and 10195 more rows
File uploaded successfully: Data/Bystrategi_Grenland/Areal_og_byutvikling/Befolkning/GeonorgeAPI/befolkning_250m_2016_and_later.csv
Keeping CSV file: C:\Analyse\Telemark\Python\Temp\befolkning_250m_2016_and_later.csv
Saved file to C:\Analyse\Telemark\Python\Temp\befolkning_250m_2016_and_later_grenland.csv
[2026-09-14 08:23:47] Row count changed: 23698 -> 26080

Added rows (showing up to 10):
Populasjon: 2, ssbid_250: 21715006570000, r: 2026-01-01
Populasjon: 2, ssbid_250: 21720006570000, r: 2026-01-01
Populasjon: 3, ssbid_250: 21722506570000, r: 2026-01-01
Populasjon: 6, ssbid_250: 21760006568000, r: 2026-01-01
Populasjon: 4, ssbid_250: 21760006568500, r: 2026-01-01
Populasjon: 3, ssbid_250: 21762506567750, r: 2026-01-01
Populasjon: 13, ssbid_250: 21762506568000, r: 2026-01-01
Populasjon: 4, ssbid_250: 21762506587750, r: 2026-01-01
Populasjon: 8, ssbid_250: 21765006573500, r: 2026-01-01
Populasjon: 2, ssbid_250: 21767506588250, r: 2026-01-01
... and 2372 more rows
File uploaded successfully: Data/Bystrategi_Grenland/Areal_og_byutvikling/Befolkning/GeonorgeAPI/befolkning_250m_2016_and_later_grenland.csv
Keeping CSV file: C:\Analyse\Telemark\Python\Temp\befolkning_250m_2016_and_later_grenland.csv
Saved file to C:\Analyse\Telemark\Python\Temp\befolkning_250m_grenland.csv
[2026-09-14 08:23:53] Row count changed: 23698 -> 26080

Added rows (showing up to 10):
Populasjon: 2, ssbid_250: 21715006570000, r: 2026-01-01
Populasjon: 2, ssbid_250: 21720006570000, r: 2026-01-01
Populasjon: 3, ssbid_250: 21722506570000, r: 2026-01-01
Populasjon: 6, ssbid_250: 21760006568000, r: 2026-01-01
Populasjon: 4, ssbid_250: 21760006568500, r: 2026-01-01
Populasjon: 3, ssbid_250: 21762506567750, r: 2026-01-01
Populasjon: 13, ssbid_250: 21762506568000, r: 2026-01-01
Populasjon: 4, ssbid_250: 21762506587750, r: 2026-01-01
Populasjon: 8, ssbid_250: 21765006573500, r: 2026-01-01
Populasjon: 2, ssbid_250: 21767506588250, r: 2026-01-01
... and 2372 more rows
File uploaded successfully: Data/Bystrategi_Grenland/Areal_og_byutvikling/Befolkning/befolkning_250m_grenland.csv
Keeping CSV file: C:\Analyse\Telemark\Python\Temp\befolkning_250m_grenland.csv

============================================================
COMPLETE
============================================================
  Manual data (2001-2015): 0 years
  Geonorge API (2016+):    11 years
  Total: 11 years, 26080 rows
  Uploaded to GitHub: Yes
