Loaded .env file from: C:\Analyse\Telemark\Python\token.env
GITHUB_TOKEN loaded successfully.

======================================================================
FHI Query: Kreft, nye tilfeller, tiårige tall.txt
======================================================================

Loading query from file...
  ✓ Query loaded
  URL: https://statistikk-data.fhi.no/api/open/v1/nokkel/Table/368/data

Fetching data from FHI API...
FHI Query JSON-stat data loaded successfully.
  ✓ Fetched 4560 rows and 7 columns
  Columns: Geografi, År, Kjønn, Alder, Krefttyper, Måltall, value

After processing: 4560 rows and 10 columns

Comparing with GitHub...
Saved file to C:\Analyse\Telemark\Python\Temp\kreft_nye_tilfeller_tiaarige_tall.csv
[2026-09-09 08:16:58] No new data to upload. Skipping GitHub update.
Keeping CSV file: C:\Analyse\Telemark\Python\Temp\kreft_nye_tilfeller_tiaarige_tall.csv
  ✓ No changes detected

  ✓ Saved to: C:\Analyse\Telemark\Python\Temp\kreft_nye_tilfeller_tiaarige_tall.csv

======================================================================
Processing complete
======================================================================

