Loaded .env file from: C:\Analyse\Telemark\Python\token.env
GITHUB_TOKEN loaded successfully.
Request error in Trafikkulykker - Telemark (12044): 429 Client Error: Too Many Requests for url: https://data.ssb.no/api/pxwebapi/v2/tables/12044/data?lang=no&valueCodes%5BContentsCode%5D=Ulykker,Dod,PersonerDrept,PersonerSkadd,PersonerHardtSkadd,PersonerLettSkadd,Uoppgitt&valueCodes%5BTid%5D=2000,2001,2002,2003,2004,2005,2006,2007,2008,2009,2010,2011,2012,2013,2014,2015,2016,2017,2018,2019,2020,2021,2022,2023,2024,2025&valueCodes%5BRegion%5D=F-40&codelist%5BRegion%5D=agg_KommFylker&outputValues%5BRegion%5D=aggregated
Error occurred: 429 Client Error: Too Many Requests for url: https://data.ssb.no/api/pxwebapi/v2/tables/12044/data?lang=no&valueCodes%5BContentsCode%5D=Ulykker,Dod,PersonerDrept,PersonerSkadd,PersonerHardtSkadd,PersonerLettSkadd,Uoppgitt&valueCodes%5BTid%5D=2000,2001,2002,2003,2004,2005,2006,2007,2008,2009,2010,2011,2012,2013,2014,2015,2016,2017,2018,2019,2020,2021,2022,2023,2024,2025&valueCodes%5BRegion%5D=F-40&codelist%5BRegion%5D=agg_KommFylker&outputValues%5BRegion%5D=aggregated

Errors:
Traceback (most recent call last):
  File "C:\Analyse\Telemark\Python\Queries/08_Folkehelse_og_levekår/SSB/trafikkulykker_ssb.py", line 55, in <module>
    df_fylke = fetch_data(
        url=GET_URL_FYLKE,
    ...<3 lines>...
        response_type="json",
    )
  File "C:\Analyse\Telemark\Python\Helper_scripts\utility_functions.py", line 48, in fetch_data
    response.raise_for_status()
    ~~~~~~~~~~~~~~~~~~~~~~~~~^^
  File "C:\Users\_eve1509\AppData\Local\anaconda3\envs\analyse\Lib\site-packages\requests\models.py", line 1167, in raise_for_status
    raise HTTPError(http_error_msg, response=self)
requests.exceptions.HTTPError: 429 Client Error: Too Many Requests for url: https://data.ssb.no/api/pxwebapi/v2/tables/12044/data?lang=no&valueCodes%5BContentsCode%5D=Ulykker,Dod,PersonerDrept,PersonerSkadd,PersonerHardtSkadd,PersonerLettSkadd,Uoppgitt&valueCodes%5BTid%5D=2000,2001,2002,2003,2004,2005,2006,2007,2008,2009,2010,2011,2012,2013,2014,2015,2016,2017,2018,2019,2020,2021,2022,2023,2024,2025&valueCodes%5BRegion%5D=F-40&codelist%5BRegion%5D=agg_KommFylker&outputValues%5BRegion%5D=aggregated

During handling of the above exception, another exception occurred:

Traceback (most recent call last):
  File "C:\Analyse\Telemark\Python\Queries/08_Folkehelse_og_levekår/SSB/trafikkulykker_ssb.py", line 78, in <module>
    raise RuntimeError(
        "A critical error occurred during data fetching, stopping execution."
    )
RuntimeError: A critical error occurred during data fetching, stopping execution.
