Loaded .env file from: C:\Analyse\Telemark\Python\token.env
GITHUB_TOKEN loaded successfully.

======================================================================
FHI Query: Selvmord.txt
======================================================================

Loading query from file...
  ✓ Query loaded
  URL: https://statistikk-data.fhi.no/api/open/v1/daar/Table/742/data

Fetching data from FHI API...
FHI Query JSON-stat data loaded successfully.
  ✓ Fetched 120 rows and 6 columns
  Columns: Dødsår, Bofylke, Kjønn, Dødsårsak, Måltall, value

After processing: 120 rows and 8 columns

Comparing with GitHub...
Saved file to C:\Analyse\Telemark\Python\Temp\selvmord.csv
[2026-09-08 09:58:27] No new data to upload. Skipping GitHub update.
Keeping CSV file: C:\Analyse\Telemark\Python\Temp\selvmord.csv
  ✓ No changes detected

  ✓ Saved to: C:\Analyse\Telemark\Python\Temp\selvmord.csv

======================================================================
Processing complete
======================================================================

