Loaded .env file from: C:\Analyse\Telemark\Python\token.env
GITHUB_TOKEN loaded successfully.

======================================================================
FHI Query: Regneferdighet treårig 5. og 8. trinn.txt
======================================================================

Loading query from file...
  ✓ Query loaded
  URL: https://statistikk-data.fhi.no/api/open/v1/nokkel/Table/685/data

Fetching data from FHI API...
FHI Query JSON-stat data loaded successfully.
  ✓ Fetched 76 rows and 9 columns
  Columns: Geografi, Skoleår, Kjønn, Utdanningsnivå, Innvandringsbakgrunn, Mestringsnivå, Klassetrinn, Måltall, value

After processing: 76 rows and 12 columns

Comparing with GitHub...
Saved file to C:\Analyse\Telemark\Python\Temp\regneferdighet_treaarig_5_og_8_trinn.csv
[2026-09-09 11:45:45] No new data to upload. Skipping GitHub update.
Keeping CSV file: C:\Analyse\Telemark\Python\Temp\regneferdighet_treaarig_5_og_8_trinn.csv
  ✓ No changes detected

  ✓ Saved to: C:\Analyse\Telemark\Python\Temp\regneferdighet_treaarig_5_og_8_trinn.csv

======================================================================
Processing complete
======================================================================

