Loaded .env file from: C:\Analyse\Telemark\Python\token.env
GITHUB_TOKEN loaded successfully.

======================================================================
FHI Query: Grunnskolepoeng etter foreldrenes utdanningsnivå.txt
======================================================================

Loading query from file...
  ✓ Query loaded
  URL: https://statistikk-data.fhi.no/api/open/v1/nokkel/Table/362/data

Fetching data from FHI API...
FHI Query JSON-stat data loaded successfully.
  ✓ Fetched 760 rows and 7 columns
  Columns: Geografi, År, Kjønn, Foreldrenes utdanningsnivå, Innvandringsbakgrunn, Måltall, value

After processing: 760 rows and 9 columns

Comparing with GitHub...
Saved file to C:\Analyse\Telemark\Python\Temp\grunnskolepoeng_etter_foreldrenes_utdanningsnivaa.csv
[2026-09-10 08:15:59] No new data to upload. Skipping GitHub update.
Keeping CSV file: C:\Analyse\Telemark\Python\Temp\grunnskolepoeng_etter_foreldrenes_utdanningsnivaa.csv
  ✓ No changes detected

  ✓ Saved to: C:\Analyse\Telemark\Python\Temp\grunnskolepoeng_etter_foreldrenes_utdanningsnivaa.csv

======================================================================
Processing complete
======================================================================

