Loaded .env file from: C:\Analyse\Telemark\Python\token.env
GITHUB_TOKEN loaded successfully.

======================================================================
FHI Query: barnevern.txt
======================================================================

Loading query from file...
  ✓ Query loaded
  URL: https://statistikk-data.fhi.no/api/open/v1/nokkel/Table/337/data

Fetching data from FHI API...
FHI Query JSON-stat data loaded successfully.
  ✓ Fetched 190 rows and 6 columns
  Columns: Geografi, År, Kjønn, ALDER, Måltall, value

After processing: 190 rows and 5 columns

Comparing with GitHub...
Saved file to C:\Analyse\Telemark\Python\Temp\barnevern.csv
[2026-09-09 08:17:20] No new data to upload. Skipping GitHub update.
Keeping CSV file: C:\Analyse\Telemark\Python\Temp\barnevern.csv
  ✓ No changes detected

  ✓ Saved to: C:\Analyse\Telemark\Python\Temp\barnevern.csv

======================================================================
Processing complete
======================================================================

