Loaded .env file from: C:\Analyse\Telemark\Python\token.env
GITHUB_TOKEN loaded successfully.

======================================================================
FHI Query: Drikkevann.txt
======================================================================

Loading query from file...
  ✓ Query loaded
  URL: https://statistikk-data.fhi.no/api/open/v1/nokkel/Table/341/data

Fetching data from FHI API...
FHI Query JSON-stat data loaded successfully.
  ✓ Fetched 570 rows and 6 columns
  Columns: Geografi, År, Parameter, Forsyningskvalitet, Måltall, value

After processing: 570 rows and 7 columns

Comparing with GitHub...
Saved file to C:\Analyse\Telemark\Python\Temp\drikkevann.csv
[2026-09-11 08:18:12] No new data to upload. Skipping GitHub update.
Keeping CSV file: C:\Analyse\Telemark\Python\Temp\drikkevann.csv
  ✓ No changes detected

  ✓ Saved to: C:\Analyse\Telemark\Python\Temp\drikkevann.csv

======================================================================
Processing complete
======================================================================

