Loaded .env file from: C:\Analyse\Telemark\Python\token.env
GITHUB_TOKEN loaded successfully.

======================================================================
FHI Query: Mobbing 7. trinn treårig.txt
======================================================================

Loading query from file...
  ✓ Query loaded
  URL: https://statistikk-data.fhi.no/api/open/v1/nokkel/Table/806/data

Fetching data from FHI API...
FHI Query JSON-stat data loaded successfully.
  ✓ Fetched 152 rows and 7 columns
  Columns: Geografi, Skoleår, Kjønn, Spm.id, Klassetrinn, Måltall, value

After processing: 152 rows and 10 columns

Comparing with GitHub...
Saved file to C:\Analyse\Telemark\Python\Temp\mobbing_7_trinn_treaarig.csv
[2026-09-08 12:05:45] No new data to upload. Skipping GitHub update.
Keeping CSV file: C:\Analyse\Telemark\Python\Temp\mobbing_7_trinn_treaarig.csv
  ✓ No changes detected

  ✓ Saved to: C:\Analyse\Telemark\Python\Temp\mobbing_7_trinn_treaarig.csv

======================================================================
Processing complete
======================================================================

