Loaded .env file from: C:\Analyse\Telemark\Python\token.env
GITHUB_TOKEN loaded successfully.

======================================================================
FHI Query: Influensavaksinerte over 65 år.txt
======================================================================

Loading query from file...
  ✓ Query loaded
  URL: https://statistikk-data.fhi.no/api/open/v1/nokkel/Table/396/data

Fetching data from FHI API...
FHI Query JSON-stat data loaded successfully.
  ✓ Fetched 19 rows and 4 columns
  Columns: Geografi, År, Måltall, value

After processing: 19 rows and 3 columns

Comparing with GitHub...
Saved file to C:\Analyse\Telemark\Python\Temp\influensavaksinerte_over_65_aar.csv
[2026-09-08 12:06:36] No new data to upload. Skipping GitHub update.
Keeping CSV file: C:\Analyse\Telemark\Python\Temp\influensavaksinerte_over_65_aar.csv
  ✓ No changes detected

  ✓ Saved to: C:\Analyse\Telemark\Python\Temp\influensavaksinerte_over_65_aar.csv

======================================================================
Processing complete
======================================================================

