Loaded .env file from: C:\Analyse\Telemark\Python\token.env
GITHUB_TOKEN loaded successfully.
Request error in Valgdeltakelse kommunevalg - kommuner (09475): 429 Client Error: Too Many Requests for url: https://data.ssb.no/api/pxwebapi/v2/tables/09475/data?lang=no&outputFormat=json-stat2&valueCodes%5BContentsCode%5D=DeltaProsent&valueCodes%5BTid%5D=top(1)&valueCodes%5BRegion%5D=4001,4003,4005,4010,4012,4014,4016,4018,4020,4022,4024,4026,4028,4030,4032,4034,4036&codelist%5BRegion%5D=agg_KommunerV1&outputValues%5BRegion%5D=aggregated
Error occurred: 429 Client Error: Too Many Requests for url: https://data.ssb.no/api/pxwebapi/v2/tables/09475/data?lang=no&outputFormat=json-stat2&valueCodes%5BContentsCode%5D=DeltaProsent&valueCodes%5BTid%5D=top(1)&valueCodes%5BRegion%5D=4001,4003,4005,4010,4012,4014,4016,4018,4020,4022,4024,4026,4028,4030,4032,4034,4036&codelist%5BRegion%5D=agg_KommunerV1&outputValues%5BRegion%5D=aggregated

Errors:
Traceback (most recent call last):
  File "C:\Analyse\Telemark\Python\Queries/08_Folkehelse_og_levekår/SSB/valgdeltakelse_kommunevalg.py", line 40, in <module>
    df_kommuner = fetch_data(
        url=GET_URL_KOMMUNER,
    ...<3 lines>...
        response_type="json",
    )
  File "C:\Analyse\Telemark\Python\Helper_scripts\utility_functions.py", line 48, in fetch_data
    response.raise_for_status()
    ~~~~~~~~~~~~~~~~~~~~~~~~~^^
  File "C:\Users\_eve1509\AppData\Local\anaconda3\envs\analyse\Lib\site-packages\requests\models.py", line 1167, in raise_for_status
    raise HTTPError(http_error_msg, response=self)
requests.exceptions.HTTPError: 429 Client Error: Too Many Requests for url: https://data.ssb.no/api/pxwebapi/v2/tables/09475/data?lang=no&outputFormat=json-stat2&valueCodes%5BContentsCode%5D=DeltaProsent&valueCodes%5BTid%5D=top(1)&valueCodes%5BRegion%5D=4001,4003,4005,4010,4012,4014,4016,4018,4020,4022,4024,4026,4028,4030,4032,4034,4036&codelist%5BRegion%5D=agg_KommunerV1&outputValues%5BRegion%5D=aggregated

During handling of the above exception, another exception occurred:

Traceback (most recent call last):
  File "C:\Analyse\Telemark\Python\Queries/08_Folkehelse_og_levekår/SSB/valgdeltakelse_kommunevalg.py", line 56, in <module>
    raise RuntimeError(
        "A critical error occurred during data fetching, stopping execution."
    )
RuntimeError: A critical error occurred during data fetching, stopping execution.
