Loaded .env file from: C:\Analyse\Telemark\Python\token.env
GITHUB_TOKEN loaded successfully.

======================================================================
FHI Query: Forventet levealder etter utdanningsnivå.txt
======================================================================

Loading query from file...
  ✓ Query loaded
  URL: https://statistikk-data.fhi.no/api/open/v1/nokkel/Table/507/data

Fetching data from FHI API...
FHI Query JSON-stat data loaded successfully.
  ✓ Fetched 87 rows and 7 columns
  Columns: Geografi, År, Kjønn, Alder, Utdanningsnivå, Måltall, value

After processing: 29 rows and 4 columns

Comparing with GitHub...
Saved file to C:\Analyse\Telemark\Python\Temp\forventet_levealder_etter_utdanningsnivaa.csv
[2026-09-09 11:45:59] No new data to upload. Skipping GitHub update.
Keeping CSV file: C:\Analyse\Telemark\Python\Temp\forventet_levealder_etter_utdanningsnivaa.csv
  ✓ No changes detected

  ✓ Saved to: C:\Analyse\Telemark\Python\Temp\forventet_levealder_etter_utdanningsnivaa.csv

======================================================================
Processing complete
======================================================================

