Loaded .env file from: C:\Analyse\Telemark\Python\token.env
GITHUB_TOKEN loaded successfully.

======================================================================
FHI Query: Overvekt og fedme, 17 år, fireårig.txt
======================================================================

Loading query from file...
  ✓ Query loaded
  URL: https://statistikk-data.fhi.no/api/open/v1/nokkel/Table/388/data

Fetching data from FHI API...
FHI Query JSON-stat data loaded successfully.
  ✓ Fetched 570 rows and 7 columns
  Columns: Geografi, År, Kjønn, Alder, KMI-kategori, Måltall, value

After processing: 570 rows and 10 columns

Comparing with GitHub...
Saved file to C:\Analyse\Telemark\Python\Temp\overvekt_og_fedme_17_aar_fireaarig.csv
[2026-09-09 11:46:27] No new data to upload. Skipping GitHub update.
Keeping CSV file: C:\Analyse\Telemark\Python\Temp\overvekt_og_fedme_17_aar_fireaarig.csv
  ✓ No changes detected

  ✓ Saved to: C:\Analyse\Telemark\Python\Temp\overvekt_og_fedme_17_aar_fireaarig.csv

======================================================================
Processing complete
======================================================================

