Loaded .env file from: C:\Analyse\Telemark\Python\token.env
GITHUB_TOKEN loaded successfully.

======================================================================
FHI Query: Hoftebrudd.txt
======================================================================

Loading query from file...
  ✓ Query loaded
  URL: https://statistikk-data.fhi.no/api/open/v1/nokkel/Table/714/data

Fetching data from FHI API...
FHI Query JSON-stat data loaded successfully.
  ✓ Fetched 190 rows and 7 columns
  Columns: Geografi, År, Kjønn, Alder, Sykdomsgruppe, Måltall, value

After processing: 190 rows and 9 columns

Comparing with GitHub...
Saved file to C:\Analyse\Telemark\Python\Temp\hoftebrudd.csv
[2026-09-09 11:46:52] No new data to upload. Skipping GitHub update.
Keeping CSV file: C:\Analyse\Telemark\Python\Temp\hoftebrudd.csv
  ✓ No changes detected

  ✓ Saved to: C:\Analyse\Telemark\Python\Temp\hoftebrudd.csv

======================================================================
Processing complete
======================================================================

