Loaded .env file from: C:\Analyse\Telemark\Python\token.env
GITHUB_TOKEN loaded successfully.

======================================================================
FHI Query: Kreft dødsårsak ettårig.txt
======================================================================

Loading query from file...
  ✓ Query loaded
  URL: https://statistikk-data.fhi.no/api/open/v1/nokkel/Table/343/data

Fetching data from FHI API...
FHI Query JSON-stat data loaded successfully.
  ✓ Fetched 190 rows and 7 columns
  Columns: Geografi, År, Kjønn, Alder, Dødsårsaker, Måltall, value

After processing: 190 rows and 8 columns

Comparing with GitHub...
Saved file to C:\Analyse\Telemark\Python\Temp\kreft_doedsaarsak_ettaarig.csv
[2026-09-10 08:16:57] No new data to upload. Skipping GitHub update.
Keeping CSV file: C:\Analyse\Telemark\Python\Temp\kreft_doedsaarsak_ettaarig.csv
  ✓ No changes detected

  ✓ Saved to: C:\Analyse\Telemark\Python\Temp\kreft_doedsaarsak_ettaarig.csv

======================================================================
Processing complete
======================================================================

