Loaded .env file from: C:\Analyse\Telemark\Python\token.env
GITHUB_TOKEN loaded successfully.

======================================================================
FHI Query: Muskel- og skjelettplager lidelser, kontakt med primærhelsetjenesten, ettårige tall.txt
======================================================================

Loading query from file...
  ✓ Query loaded
  URL: https://statistikk-data.fhi.no/api/open/v1/nokkel/Table/370/data

Fetching data from FHI API...
FHI Query JSON-stat data loaded successfully.
  ✓ Fetched 1824 rows and 7 columns
  Columns: Geografi, År, Kjønn, Alder, Sykdomsgruppe, Måltall, value

After processing: 19 rows and 3 columns

Comparing with GitHub...
Saved file to C:\Analyse\Telemark\Python\Temp\muskel_og_skjelettplager_lidelser_kontakt_med_primaerhelsetjenesten_ettaarige_tall.csv
[2026-09-09 08:17:03] No new data to upload. Skipping GitHub update.
Keeping CSV file: C:\Analyse\Telemark\Python\Temp\muskel_og_skjelettplager_lidelser_kontakt_med_primaerhelsetjenesten_ettaarige_tall.csv
  ✓ No changes detected

  ✓ Saved to: C:\Analyse\Telemark\Python\Temp\muskel_og_skjelettplager_lidelser_kontakt_med_primaerhelsetjenesten_ettaarige_tall.csv

======================================================================
Processing complete
======================================================================

