Loaded .env file from: C:\Analyse\Telemark\Python\token.env
GITHUB_TOKEN loaded successfully.

======================================================================
FHI Query: Trivsel 10. klasse treårig.txt
======================================================================

Loading query from file...
  ✓ Query loaded
  URL: https://statistikk-data.fhi.no/api/open/v1/nokkel/Table/805/data

Fetching data from FHI API...
FHI Query JSON-stat data loaded successfully.
  ✓ Fetched 190 rows and 7 columns
  Columns: Geografi, Skoleår, Kjønn, Spm.id, Klassetrinn, Måltall, value

After processing: 190 rows and 10 columns

Comparing with GitHub...
Saved file to C:\Analyse\Telemark\Python\Temp\trivsel_10_klasse_treaarig.csv
[2026-09-08 09:58:21] No new data to upload. Skipping GitHub update.
Keeping CSV file: C:\Analyse\Telemark\Python\Temp\trivsel_10_klasse_treaarig.csv
  ✓ No changes detected

  ✓ Saved to: C:\Analyse\Telemark\Python\Temp\trivsel_10_klasse_treaarig.csv

======================================================================
Processing complete
======================================================================

