Loaded .env file from: C:\Analyse\Telemark\Python\token.env
GITHUB_TOKEN loaded successfully.
Request error in Dekningsgrad barnehage - kommuner (13502): 429 Client Error: Too Many Requests for url: https://data.ssb.no/api/pxwebapi/v2/tables/13502/data?lang=no&outputFormat=json-stat2&valueCodes%5BContentsCode%5D=KOSandel150000,KOSandel350000&valueCodes%5BTid%5D=from(2020)&valueCodes%5BKOKkommuneregion0000%5D=4001,4003,4005,4010,4012,4014,4016,4018,4020,4022,4024,4026,4028,4030,4032,4034,4036,3806,3807,3808,3812,3813,3814,3815,3816,3817,3818,3819,3820,3821,3822,3823,3824,3825&codelist%5BKOKkommuneregion0000%5D=agg_KOGkommuneregion000005401&outputValues%5BKOKkommuneregion0000%5D=aggregated
Error occurred: 429 Client Error: Too Many Requests for url: https://data.ssb.no/api/pxwebapi/v2/tables/13502/data?lang=no&outputFormat=json-stat2&valueCodes%5BContentsCode%5D=KOSandel150000,KOSandel350000&valueCodes%5BTid%5D=from(2020)&valueCodes%5BKOKkommuneregion0000%5D=4001,4003,4005,4010,4012,4014,4016,4018,4020,4022,4024,4026,4028,4030,4032,4034,4036,3806,3807,3808,3812,3813,3814,3815,3816,3817,3818,3819,3820,3821,3822,3823,3824,3825&codelist%5BKOKkommuneregion0000%5D=agg_KOGkommuneregion000005401&outputValues%5BKOKkommuneregion0000%5D=aggregated

Errors:
Traceback (most recent call last):
  File "C:\Analyse\Telemark\Python\Queries/08_Folkehelse_og_levekår/SSB/dekningsgrad.py", line 41, in <module>
    df = fetch_data(
        url=GET_URL_KOMMUNE,
    ...<3 lines>...
        response_type="json",
    )
  File "C:\Analyse\Telemark\Python\Helper_scripts\utility_functions.py", line 48, in fetch_data
    response.raise_for_status()
    ~~~~~~~~~~~~~~~~~~~~~~~~~^^
  File "C:\Users\_eve1509\AppData\Local\anaconda3\envs\analyse\Lib\site-packages\requests\models.py", line 1167, in raise_for_status
    raise HTTPError(http_error_msg, response=self)
requests.exceptions.HTTPError: 429 Client Error: Too Many Requests for url: https://data.ssb.no/api/pxwebapi/v2/tables/13502/data?lang=no&outputFormat=json-stat2&valueCodes%5BContentsCode%5D=KOSandel150000,KOSandel350000&valueCodes%5BTid%5D=from(2020)&valueCodes%5BKOKkommuneregion0000%5D=4001,4003,4005,4010,4012,4014,4016,4018,4020,4022,4024,4026,4028,4030,4032,4034,4036,3806,3807,3808,3812,3813,3814,3815,3816,3817,3818,3819,3820,3821,3822,3823,3824,3825&codelist%5BKOKkommuneregion0000%5D=agg_KOGkommuneregion000005401&outputValues%5BKOKkommuneregion0000%5D=aggregated

During handling of the above exception, another exception occurred:

Traceback (most recent call last):
  File "C:\Analyse\Telemark\Python\Queries/08_Folkehelse_og_levekår/SSB/dekningsgrad.py", line 57, in <module>
    raise RuntimeError(
        "A critical error occurred during data fetching, stopping execution."
    )
RuntimeError: A critical error occurred during data fetching, stopping execution.
