Loaded .env file from: C:\Analyse\Telemark\Python\token.env
GITHUB_TOKEN loaded successfully.

======================================================================
FHI Query: Bor trangt.txt
======================================================================

Loading query from file...
  ✓ Query loaded
  URL: https://statistikk-data.fhi.no/api/open/v1/nokkel/Table/795/data

Fetching data from FHI API...
FHI Query JSON-stat data loaded successfully.
  ✓ Fetched 760 rows and 7 columns
  Columns: Geografi, År, Alder, Innvandringsbakgrunn, status, Måltall, value

Detected columns:
  Geografi: Geografi
  År:       År
  Alder:    Alder
  Innv.kat: Innvandringsbakgrunn
  Value:    value

Raw data sample:
      Geografi    År       Alder  ...      status          Måltall      value
0  Hele landet  2015  alle aldre  ...  bor trangt  andel (prosent)  10.335076
1  Hele landet  2015  alle aldre  ...  bor trangt  andel (prosent)  24.310506
2  Hele landet  2015     0-17 år  ...  bor trangt  andel (prosent)  18.561219
3  Hele landet  2015     0-17 år  ...  bor trangt  andel (prosent)  44.937119
4  Hele landet  2016  alle aldre  ...  bor trangt  andel (prosent)  10.310785
5  Hele landet  2016  alle aldre  ...  bor trangt  andel (prosent)  24.171393
6  Hele landet  2016     0-17 år  ...  bor trangt  andel (prosent)  18.664538
7  Hele landet  2016     0-17 år  ...  bor trangt  andel (prosent)  45.898956
8  Hele landet  2017  alle aldre  ...  bor trangt  andel (prosent)  10.340418
9  Hele landet  2017  alle aldre  ...  bor trangt  andel (prosent)  24.080866

[10 rows x 7 columns]

Unique Alder: ['0-17 år', 'alle aldre']
Unique Innvandringsbakgrunn: ['innvandrere', 'totalt']
Unique År: ['2015', '2016', '2017', '2018', '2019', '2020', '2021', '2022', '2023', '2024']

Latest year in data: 2024

bor_trangt.csv: 19 rows
trangboddhet.csv: 380 rows

After processing: 760 rows and 7 columns

Comparing bor_trangt.csv with GitHub...
Saved file to C:\Analyse\Telemark\Python\Temp\bor_trangt.csv
[2026-09-11 08:18:27] No new data to upload. Skipping GitHub update.
Keeping CSV file: C:\Analyse\Telemark\Python\Temp\bor_trangt.csv
  ✓ No changes detected in bor_trangt.csv

Comparing trangboddhet.csv with GitHub...
Saved file to C:\Analyse\Telemark\Python\Temp\trangboddhet.csv
[2026-09-11 08:18:27] No new data to upload. Skipping GitHub update.
Keeping CSV file: C:\Analyse\Telemark\Python\Temp\trangboddhet.csv
  ✓ No changes detected in trangboddhet.csv

  ✓ Saved bor_trangt.csv to: C:\Analyse\Telemark\Python\Temp\bor_trangt.csv

  ✓ Saved trangboddhet.csv to: C:\Analyse\Telemark\Python\Temp\trangboddhet.csv

======================================================================
Processing complete
======================================================================

