Loaded .env file from: C:\Analyse\Telemark\Python\token.env
GITHUB_TOKEN loaded successfully.

======================================================================
FHI Query: Skader, sykehusinnlagte, somatikk, treårige tall.txt
======================================================================

Loading query from file...
  ✓ Query loaded
  URL: https://statistikk-data.fhi.no/api/open/v1/nokkel/Table/714/data

Fetching data from FHI API...
FHI Query JSON-stat data loaded successfully.
  ✓ Fetched 190 rows and 7 columns
  Columns: Geografi, År, Kjønn, Alder, Sykdomsgruppe, Måltall, value

After processing: 190 rows and 9 columns

Comparing with GitHub...
Saved file to C:\Analyse\Telemark\Python\Temp\skader_sykehusinnlagte_somatikk_treaarige_tall.csv
[2026-09-08 09:59:34] Changes detected in the dataset.
File uploaded successfully: Data/08_Folkehelse og levekår/Skader og ulykker/Skader/skader_sykehusinnlagte_somatikk_treaarige_tall.csv

Showing up to 5 examples of changes:

Row: Kommune: Hele landet
  Antall: 13.9 -> 13.8

Row: Kommune: Hele landet
  r: 2015-01-01 -> 2016-01-01

Row: Kommune: Hele landet
  r (intervall): 2013-2015 -> 2014-2016

Row: Kommune: Hele landet
  Antall: 13.7 -> 13.8

Row: Kommune: Hele landet
  r: 2016-01-01 -> 2017-01-01

Total changes found in examined rows: 552
(Showing first 5 changes only)
Keeping CSV file: C:\Analyse\Telemark\Python\Temp\skader_sykehusinnlagte_somatikk_treaarige_tall.csv
  ✓ New data detected and uploaded to GitHub
New data detected

  ✓ Saved to: C:\Analyse\Telemark\Python\Temp\skader_sykehusinnlagte_somatikk_treaarige_tall.csv

======================================================================
Processing complete
======================================================================

