Loaded .env file from: C:\Analyse\Telemark\Python\token.env
GITHUB_TOKEN loaded successfully.

======================================================================
FHI Query: Barnevaksinasjonsprogrammet.txt
======================================================================

Loading query from file...
  ✓ Query loaded
  URL: https://statistikk-data.fhi.no/api/open/v1/nokkel/Table/395/data

Fetching data from FHI API...
FHI Query JSON-stat data loaded successfully.
  ✓ Fetched 680 rows and 7 columns
  Columns: Geografi, År, Kjønn, Alder, Vaksine mot, Måltall, value

After processing: 680 rows and 9 columns

Comparing with GitHub...
Saved file to C:\Analyse\Telemark\Python\Temp\barnevaksinasjonsprogrammet.csv
[2026-10-05 08:18:36] Changes detected in the dataset.

[2026-10-05 08:18:36] Dataset is large. Showing detailed changes from the last 200 rows only.
File uploaded successfully: Data/08_Folkehelse og levekår/Helsetilstand/Vaksinasjon/barnevaksinasjonsprogrammet.csv

Showing up to 5 examples of changes from the last 200 rows:

Row: Kommune: Kviteseid | r: 2016-01-01
  Andel: 0.95 -> 0.958

Row: Kommune: Kviteseid | r: 2016-01-01
  r (intervall): 2011-2015 -> 2012-2016

Row: Kommune: Kviteseid | r: 2016-01-01
  Andel: 0.95 -> 0.958

Row: Kommune: Kviteseid | r: 2016-01-01
  r (intervall): 2011-2015 -> 2012-2016

Row: Kommune: Kviteseid | r: 2016-01-01
  r (intervall): 2011-2015 -> 2012-2016

Total changes found in examined rows: 361
(Showing first 5 changes only)
Keeping CSV file: C:\Analyse\Telemark\Python\Temp\barnevaksinasjonsprogrammet.csv
  ✓ New data detected and uploaded to GitHub
New data detected

  ✓ Saved to: C:\Analyse\Telemark\Python\Temp\barnevaksinasjonsprogrammet.csv

======================================================================
Processing complete
======================================================================

