Loaded .env file from: C:\Analyse\Telemark\Python\token.env
GITHUB_TOKEN loaded successfully.

======================================================================
FHI Query: Forventet levealder 7 årig.txt
======================================================================

Loading query from file...
  ✓ Query loaded
  URL: https://statistikk-data.fhi.no/api/open/v1/nokkel/Table/507/data

Fetching data from FHI API...
FHI Query JSON-stat data loaded successfully.
  ✓ Fetched 855 rows and 7 columns
  Columns: Geografi, År, Kjønn, Alder, Utdanningsnivå, Måltall, value

After processing: 855 rows and 10 columns

Comparing with GitHub...
Saved file to C:\Analyse\Telemark\Python\Temp\forventet_levealder_7_aarig.csv
[2026-09-08 09:58:30] No new data to upload. Skipping GitHub update.
Keeping CSV file: C:\Analyse\Telemark\Python\Temp\forventet_levealder_7_aarig.csv
  ✓ No changes detected

  ✓ Saved to: C:\Analyse\Telemark\Python\Temp\forventet_levealder_7_aarig.csv

======================================================================
Processing complete
======================================================================

