Loaded .env file from: C:\Analyse\Telemark\Python\token.env
GITHUB_TOKEN loaded successfully.

======================================================================
FHI Query: Hjerte- og karsykdom - primærhelsetjenesten, treårige tall.txt
======================================================================

Loading query from file...
  ✓ Query loaded
  URL: https://statistikk-data.fhi.no/api/open/v1/nokkel/Table/369/data

Fetching data from FHI API...
FHI Query JSON-stat data loaded successfully.
  ✓ Fetched 1368 rows and 7 columns
  Columns: Geografi, År, Kjønn, Alder, Sykdomsgruppe, Måltall, value

After processing: 1368 rows and 11 columns

Comparing with GitHub...
Saved file to C:\Analyse\Telemark\Python\Temp\hjerte_og_karsykdom_primaerhelsetjenesten_treaarige_tall.csv
[2026-09-09 11:46:02] No new data to upload. Skipping GitHub update.
Keeping CSV file: C:\Analyse\Telemark\Python\Temp\hjerte_og_karsykdom_primaerhelsetjenesten_treaarige_tall.csv
  ✓ No changes detected

  ✓ Saved to: C:\Analyse\Telemark\Python\Temp\hjerte_og_karsykdom_primaerhelsetjenesten_treaarige_tall.csv

======================================================================
Processing complete
======================================================================

