Loaded .env file from: C:\Analyse\Telemark\Python\token.env
GITHUB_TOKEN loaded successfully.

======================================================================
FHI Query: Vedvarende lavinntekt etter innvandringskategori, kommunegrense.txt
======================================================================

Loading query from file...
  ✓ Query loaded
  URL: https://statistikk-data.fhi.no/api/open/v1/nokkel/Table/403/data

Fetching data from FHI API...
FHI Query JSON-stat data loaded successfully.
  ✓ Fetched 152 rows and 7 columns
  Columns: Geografi, År, Alder, Innvandringsbakgrunn, Lavinntektsgrense, Måltall, value
  Latest period: 2021-2023

After processing: 19 rows (alle aldre), 19 rows (0-17 år)

Comparing with GitHub...

  Processing: vedvarende_lavinntekt_alle_aldre.csv
Saved file to C:\Analyse\Telemark\Python\Temp\vedvarende_lavinntekt_alle_aldre.csv
[2026-09-08 12:06:50] No new data to upload. Skipping GitHub update.
Keeping CSV file: C:\Analyse\Telemark\Python\Temp\vedvarende_lavinntekt_alle_aldre.csv
    ✓ No changes detected

  Processing: vedvarende_lavinntekt_0-17.csv
Saved file to C:\Analyse\Telemark\Python\Temp\vedvarende_lavinntekt_0-17.csv
[2026-09-08 12:06:51] No new data to upload. Skipping GitHub update.
Keeping CSV file: C:\Analyse\Telemark\Python\Temp\vedvarende_lavinntekt_0-17.csv
    ✓ No changes detected
  ✓ Saved to: C:\Analyse\Telemark\Python\Temp\vedvarende_lavinntekt_alle_aldre.csv
  ✓ Saved to: C:\Analyse\Telemark\Python\Temp\vedvarende_lavinntekt_0-17.csv

======================================================================
Processing complete
======================================================================

