Loaded .env file from: C:\Analyse\Telemark\Python\token.env
GITHUB_TOKEN loaded successfully.

======================================================================
FHI Query: Psykiske symptomer og lidelser - primærhelsetjenesten, ettårige tall.txt
======================================================================

Loading query from file...
  ✓ Query loaded
  URL: https://statistikk-data.fhi.no/api/open/v1/nokkel/Table/370/data

Fetching data from FHI API...
FHI Query JSON-stat data loaded successfully.
  ✓ Fetched 10944 rows and 7 columns
  Columns: Geografi, År, Kjønn, Alder, Sykdomsgruppe, Måltall, value

After processing: 10944 rows and 10 columns

Comparing with GitHub...
Saved file to C:\Analyse\Telemark\Python\Temp\psykiske_symptomer_og_lidelser_primaerhelsetjenesten_ettaarige_tall.csv
[2026-09-08 09:58:51] No new data to upload. Skipping GitHub update.
Keeping CSV file: C:\Analyse\Telemark\Python\Temp\psykiske_symptomer_og_lidelser_primaerhelsetjenesten_ettaarige_tall.csv
  ✓ No changes detected

  ✓ Saved to: C:\Analyse\Telemark\Python\Temp\psykiske_symptomer_og_lidelser_primaerhelsetjenesten_ettaarige_tall.csv

======================================================================
Processing complete
======================================================================

