Loaded .env file from: C:\Analyse\Telemark\Python\token.env
GITHUB_TOKEN loaded successfully.
Botid CSV data loaded successfully.
Saved file to C:\Analyse\Telemark\Python\Temp\botid.csv
[2026-09-08 12:04:27] Changes detected in the dataset.

[2026-09-08 12:04:27] Dataset is large. Showing detailed changes from the last 200 rows only.

Showing up to 5 examples of changes from the last 200 rows:

Row: Kommunenummer: 4012 | Kommune: Bamble
  r: 2026-01-01 -> 2026-01-01 00:00:00

Row: Kommunenummer: 4030 | Kommune: Nissedal
  r: 2026-01-01 -> 2026-01-01 00:00:00

Row: Kommunenummer: 4020 | Kommune: Midt-Telemark
  r: 2026-01-01 -> 2026-01-01 00:00:00

Row: Kommunenummer: 4034 | Kommune: Tokke
  r: 2026-01-01 -> 2026-01-01 00:00:00

Row: Kommunenummer: 4016 | Kommune: Drangedal
  r: 2026-01-01 -> 2026-01-01 00:00:00

Total changes found in examined rows: 200
(Showing first 5 changes only)
Keeping CSV file: C:\Analyse\Telemark\Python\Temp\botid.csv
New data detected and pushed to GitHub.
New data status log written to C:\Analyse\Telemark\Python\Log\new_data_status_Innvandrere_-_Botid.log
