Loaded .env file from: C:\Analyse\Telemark\Python\token.env
GITHUB_TOKEN loaded successfully.
Sekundærflytting CSV data loaded successfully.
Most recent year in table is 2023-01-01 00:00:00
Saved file to C:\Analyse\Telemark\Python\Temp\sekundærflytting.csv
[2026-09-08 12:05:26] Changes detected in the dataset.

Showing up to 5 examples of changes:

Row: Kommune: Kviteseid | Kommunenummer: 3821
  r: 2023-01-01 -> 2023-01-01 00:00:00

Row: Kommune: Porsgrunn | Kommunenummer: 3806
  r: 2023-01-01 -> 2023-01-01 00:00:00

Row: Kommune: Fyresdal | Kommunenummer: 3823
  r: 2023-01-01 -> 2023-01-01 00:00:00

Row: Kommune: Nissedal | Kommunenummer: 3822
  r: 2023-01-01 -> 2023-01-01 00:00:00

Row: Kommune: Hjartdal | Kommunenummer: 3819
  r: 2023-01-01 -> 2023-01-01 00:00:00

Total changes found in examined rows: 51
(Showing first 5 changes only)
Keeping CSV file: C:\Analyse\Telemark\Python\Temp\sekundærflytting.csv
New data detected and pushed to GitHub.
New data status log written to C:\Analyse\Telemark\Python\Log\new_data_status_Innvandrere_-_Sekundaerflytting.log
