Loaded .env file from: C:\Analyse\Telemark\Python\token.env
GITHUB_TOKEN loaded successfully.
Request error in Sysselsatte etter innvandrerbakgrunn (11607): 429 Client Error: Too Many Requests for url: https://data.ssb.no/api/pxwebapi/v2/tables/11607/data?lang=no&outputFormat=json-stat2&valuecodes%5BTid%5D=from(2015)&valuecodes%5BRegion%5D=40,38,08&codelist%5BRegion%5D=vs_FylkerAlle&valuecodes%5BLandbakgrunn%5D=abc,ddd,eee&valuecodes%5BAlder%5D=15-74&valuecodes%5BKjonn%5D=0&valuecodes%5BContentsCode%5D=Sysselsatte2&heading=ContentsCode,Tid,Alder,Kjonn&stub=Region,Landbakgrunn
Error occurred: 429 Client Error: Too Many Requests for url: https://data.ssb.no/api/pxwebapi/v2/tables/11607/data?lang=no&outputFormat=json-stat2&valuecodes%5BTid%5D=from(2015)&valuecodes%5BRegion%5D=40,38,08&codelist%5BRegion%5D=vs_FylkerAlle&valuecodes%5BLandbakgrunn%5D=abc,ddd,eee&valuecodes%5BAlder%5D=15-74&valuecodes%5BKjonn%5D=0&valuecodes%5BContentsCode%5D=Sysselsatte2&heading=ContentsCode,Tid,Alder,Kjonn&stub=Region,Landbakgrunn

Errors:
Traceback (most recent call last):
  File "C:\Analyse\Telemark\Python\Queries/09_Innvandrere_og_inkludering/Arbeid_og_inntekt/andel_sysselsatte_etter_bakgrunn.py", line 35, in <module>
    df = fetch_data(
        url=GET_URL,
    ...<3 lines>...
        response_type="json",
    )
  File "C:\Analyse\Telemark\Python\Helper_scripts\utility_functions.py", line 48, in fetch_data
    response.raise_for_status()
    ~~~~~~~~~~~~~~~~~~~~~~~~~^^
  File "C:\Users\_eve1509\AppData\Local\anaconda3\envs\analyse\Lib\site-packages\requests\models.py", line 1167, in raise_for_status
    raise HTTPError(http_error_msg, response=self)
requests.exceptions.HTTPError: 429 Client Error: Too Many Requests for url: https://data.ssb.no/api/pxwebapi/v2/tables/11607/data?lang=no&outputFormat=json-stat2&valuecodes%5BTid%5D=from(2015)&valuecodes%5BRegion%5D=40,38,08&codelist%5BRegion%5D=vs_FylkerAlle&valuecodes%5BLandbakgrunn%5D=abc,ddd,eee&valuecodes%5BAlder%5D=15-74&valuecodes%5BKjonn%5D=0&valuecodes%5BContentsCode%5D=Sysselsatte2&heading=ContentsCode,Tid,Alder,Kjonn&stub=Region,Landbakgrunn

During handling of the above exception, another exception occurred:

Traceback (most recent call last):
  File "C:\Analyse\Telemark\Python\Queries/09_Innvandrere_og_inkludering/Arbeid_og_inntekt/andel_sysselsatte_etter_bakgrunn.py", line 44, in <module>
    raise RuntimeError(
        "A critical error occurred during data fetching, stopping execution."
    )
RuntimeError: A critical error occurred during data fetching, stopping execution.
