Loaded .env file from: C:\Analyse\Telemark\Python\token.env
GITHUB_TOKEN loaded successfully.
[2026-09-30 10:40:06] GITHUB_TOKEN loaded successfully.
[2026-09-30 10:40:06] Starting Elhub query for all Telemark municipalities (incremental mode)
[2026-09-30 10:40:06] Checking GitHub path: Data/04_Klima og ressursforvaltning/Kraft og energi/Elhub/Installert_kapasitet/installed_capacity.csv
[2026-09-30 10:40:07] Latest date found in existing installed_capacity.csv: 2026-09-29
[2026-09-30 10:40:07] Will query for data from: 2026-09-30
[2026-09-30 10:40:07] Will query up to: 2026-09-30

[2026-09-30 10:40:07] Querying municipality 4001 for new data...
[2026-09-30 10:40:07] Querying municipality 4001 for period 2026-09-30 to 2026-09-30
[2026-09-30 10:40:07] Querying URL: https://api.elhub.no/energy-data/v0/municipalities/4001?dataset=INSTALLED_CAPACITY_PER_METERING_POINT_TYPE_GROUP_MUNICIPALITY_DAILY&startDate=2026-09-30&endDate=2026-09-30 (attempt 1)
[2026-09-30 10:40:07] Error: Status code 400
[2026-09-30 10:40:07] Response: {"errors":[{"status":"400","title":"endDate must be after startDate","detail":"creationTime: 2026-09-30T10:40:07+02:00","links":{"self":"https://api.elhub.no/energy-data/v0/municipalities/4001?dataset=INSTALLED_CAPACITY_PER_METERING_POINT_TYPE_GROUP_MUNICIPALITY_DAILY&startDate=2026-09-30&endDate=2026-09-30"}}]}
[2026-09-30 10:40:07] Failed after 1 attempts.
[2026-09-30 10:40:07] Failed to get data for 4001 for 2026-09-30 to 2026-09-30

[2026-09-30 10:40:08] Querying municipality 4003 for new data...
[2026-09-30 10:40:08] Querying municipality 4003 for period 2026-09-30 to 2026-09-30
[2026-09-30 10:40:08] Querying URL: https://api.elhub.no/energy-data/v0/municipalities/4003?dataset=INSTALLED_CAPACITY_PER_METERING_POINT_TYPE_GROUP_MUNICIPALITY_DAILY&startDate=2026-09-30&endDate=2026-09-30 (attempt 1)
[2026-09-30 10:40:08] Error: Status code 400
[2026-09-30 10:40:08] Response: {"errors":[{"status":"400","title":"endDate must be after startDate","detail":"creationTime: 2026-09-30T10:40:08+02:00","links":{"self":"https://api.elhub.no/energy-data/v0/municipalities/4003?dataset=INSTALLED_CAPACITY_PER_METERING_POINT_TYPE_GROUP_MUNICIPALITY_DAILY&startDate=2026-09-30&endDate=2026-09-30"}}]}
[2026-09-30 10:40:08] Failed after 1 attempts.
[2026-09-30 10:40:08] Failed to get data for 4003 for 2026-09-30 to 2026-09-30

[2026-09-30 10:40:09] Querying municipality 4005 for new data...
[2026-09-30 10:40:09] Querying municipality 4005 for period 2026-09-30 to 2026-09-30
[2026-09-30 10:40:09] Querying URL: https://api.elhub.no/energy-data/v0/municipalities/4005?dataset=INSTALLED_CAPACITY_PER_METERING_POINT_TYPE_GROUP_MUNICIPALITY_DAILY&startDate=2026-09-30&endDate=2026-09-30 (attempt 1)
[2026-09-30 10:40:10] Error: Status code 400
[2026-09-30 10:40:10] Response: {"errors":[{"status":"400","title":"endDate must be after startDate","detail":"creationTime: 2026-09-30T10:40:09+02:00","links":{"self":"https://api.elhub.no/energy-data/v0/municipalities/4005?dataset=INSTALLED_CAPACITY_PER_METERING_POINT_TYPE_GROUP_MUNICIPALITY_DAILY&startDate=2026-09-30&endDate=2026-09-30"}}]}
[2026-09-30 10:40:10] Failed after 1 attempts.
[2026-09-30 10:40:10] Failed to get data for 4005 for 2026-09-30 to 2026-09-30

[2026-09-30 10:40:11] Querying municipality 4010 for new data...
[2026-09-30 10:40:11] Querying municipality 4010 for period 2026-09-30 to 2026-09-30
[2026-09-30 10:40:11] Querying URL: https://api.elhub.no/energy-data/v0/municipalities/4010?dataset=INSTALLED_CAPACITY_PER_METERING_POINT_TYPE_GROUP_MUNICIPALITY_DAILY&startDate=2026-09-30&endDate=2026-09-30 (attempt 1)
[2026-09-30 10:40:11] Error: Status code 400
[2026-09-30 10:40:11] Response: {"errors":[{"status":"400","title":"endDate must be after startDate","detail":"creationTime: 2026-09-30T10:40:11+02:00","links":{"self":"https://api.elhub.no/energy-data/v0/municipalities/4010?dataset=INSTALLED_CAPACITY_PER_METERING_POINT_TYPE_GROUP_MUNICIPALITY_DAILY&startDate=2026-09-30&endDate=2026-09-30"}}]}
[2026-09-30 10:40:11] Failed after 1 attempts.
[2026-09-30 10:40:11] Failed to get data for 4010 for 2026-09-30 to 2026-09-30

[2026-09-30 10:40:12] Querying municipality 4012 for new data...
[2026-09-30 10:40:12] Querying municipality 4012 for period 2026-09-30 to 2026-09-30
[2026-09-30 10:40:12] Querying URL: https://api.elhub.no/energy-data/v0/municipalities/4012?dataset=INSTALLED_CAPACITY_PER_METERING_POINT_TYPE_GROUP_MUNICIPALITY_DAILY&startDate=2026-09-30&endDate=2026-09-30 (attempt 1)
[2026-09-30 10:40:12] Error: Status code 400
[2026-09-30 10:40:12] Response: {"errors":[{"status":"400","title":"endDate must be after startDate","detail":"creationTime: 2026-09-30T10:40:12+02:00","links":{"self":"https://api.elhub.no/energy-data/v0/municipalities/4012?dataset=INSTALLED_CAPACITY_PER_METERING_POINT_TYPE_GROUP_MUNICIPALITY_DAILY&startDate=2026-09-30&endDate=2026-09-30"}}]}
[2026-09-30 10:40:12] Failed after 1 attempts.
[2026-09-30 10:40:12] Failed to get data for 4012 for 2026-09-30 to 2026-09-30

[2026-09-30 10:40:13] Querying municipality 4014 for new data...
[2026-09-30 10:40:13] Querying municipality 4014 for period 2026-09-30 to 2026-09-30
[2026-09-30 10:40:13] Querying URL: https://api.elhub.no/energy-data/v0/municipalities/4014?dataset=INSTALLED_CAPACITY_PER_METERING_POINT_TYPE_GROUP_MUNICIPALITY_DAILY&startDate=2026-09-30&endDate=2026-09-30 (attempt 1)
[2026-09-30 10:40:13] Error: Status code 400
[2026-09-30 10:40:13] Response: {"errors":[{"status":"400","title":"endDate must be after startDate","detail":"creationTime: 2026-09-30T10:40:13+02:00","links":{"self":"https://api.elhub.no/energy-data/v0/municipalities/4014?dataset=INSTALLED_CAPACITY_PER_METERING_POINT_TYPE_GROUP_MUNICIPALITY_DAILY&startDate=2026-09-30&endDate=2026-09-30"}}]}
[2026-09-30 10:40:13] Failed after 1 attempts.
[2026-09-30 10:40:13] Failed to get data for 4014 for 2026-09-30 to 2026-09-30

[2026-09-30 10:40:14] Querying municipality 4016 for new data...
[2026-09-30 10:40:14] Querying municipality 4016 for period 2026-09-30 to 2026-09-30
[2026-09-30 10:40:14] Querying URL: https://api.elhub.no/energy-data/v0/municipalities/4016?dataset=INSTALLED_CAPACITY_PER_METERING_POINT_TYPE_GROUP_MUNICIPALITY_DAILY&startDate=2026-09-30&endDate=2026-09-30 (attempt 1)
[2026-09-30 10:40:14] Error: Status code 400
[2026-09-30 10:40:14] Response: {"errors":[{"status":"400","title":"endDate must be after startDate","detail":"creationTime: 2026-09-30T10:40:14+02:00","links":{"self":"https://api.elhub.no/energy-data/v0/municipalities/4016?dataset=INSTALLED_CAPACITY_PER_METERING_POINT_TYPE_GROUP_MUNICIPALITY_DAILY&startDate=2026-09-30&endDate=2026-09-30"}}]}
[2026-09-30 10:40:14] Failed after 1 attempts.
[2026-09-30 10:40:14] Failed to get data for 4016 for 2026-09-30 to 2026-09-30

[2026-09-30 10:40:15] Querying municipality 4018 for new data...
[2026-09-30 10:40:15] Querying municipality 4018 for period 2026-09-30 to 2026-09-30
[2026-09-30 10:40:15] Querying URL: https://api.elhub.no/energy-data/v0/municipalities/4018?dataset=INSTALLED_CAPACITY_PER_METERING_POINT_TYPE_GROUP_MUNICIPALITY_DAILY&startDate=2026-09-30&endDate=2026-09-30 (attempt 1)
[2026-09-30 10:40:15] Error: Status code 400
[2026-09-30 10:40:15] Response: {"errors":[{"status":"400","title":"endDate must be after startDate","detail":"creationTime: 2026-09-30T10:40:15+02:00","links":{"self":"https://api.elhub.no/energy-data/v0/municipalities/4018?dataset=INSTALLED_CAPACITY_PER_METERING_POINT_TYPE_GROUP_MUNICIPALITY_DAILY&startDate=2026-09-30&endDate=2026-09-30"}}]}
[2026-09-30 10:40:15] Failed after 1 attempts.
[2026-09-30 10:40:15] Failed to get data for 4018 for 2026-09-30 to 2026-09-30

[2026-09-30 10:40:16] Querying municipality 4020 for new data...
[2026-09-30 10:40:16] Querying municipality 4020 for period 2026-09-30 to 2026-09-30
[2026-09-30 10:40:16] Querying URL: https://api.elhub.no/energy-data/v0/municipalities/4020?dataset=INSTALLED_CAPACITY_PER_METERING_POINT_TYPE_GROUP_MUNICIPALITY_DAILY&startDate=2026-09-30&endDate=2026-09-30 (attempt 1)
[2026-09-30 10:40:16] Error: Status code 400
[2026-09-30 10:40:16] Response: {"errors":[{"status":"400","title":"endDate must be after startDate","detail":"creationTime: 2026-09-30T10:40:16+02:00","links":{"self":"https://api.elhub.no/energy-data/v0/municipalities/4020?dataset=INSTALLED_CAPACITY_PER_METERING_POINT_TYPE_GROUP_MUNICIPALITY_DAILY&startDate=2026-09-30&endDate=2026-09-30"}}]}
[2026-09-30 10:40:16] Failed after 1 attempts.
[2026-09-30 10:40:16] Failed to get data for 4020 for 2026-09-30 to 2026-09-30

[2026-09-30 10:40:18] Querying municipality 4022 for new data...
[2026-09-30 10:40:18] Querying municipality 4022 for period 2026-09-30 to 2026-09-30
[2026-09-30 10:40:18] Querying URL: https://api.elhub.no/energy-data/v0/municipalities/4022?dataset=INSTALLED_CAPACITY_PER_METERING_POINT_TYPE_GROUP_MUNICIPALITY_DAILY&startDate=2026-09-30&endDate=2026-09-30 (attempt 1)
[2026-09-30 10:40:18] Error: Status code 400
[2026-09-30 10:40:18] Response: {"errors":[{"status":"400","title":"endDate must be after startDate","detail":"creationTime: 2026-09-30T10:40:18+02:00","links":{"self":"https://api.elhub.no/energy-data/v0/municipalities/4022?dataset=INSTALLED_CAPACITY_PER_METERING_POINT_TYPE_GROUP_MUNICIPALITY_DAILY&startDate=2026-09-30&endDate=2026-09-30"}}]}
[2026-09-30 10:40:18] Failed after 1 attempts.
[2026-09-30 10:40:18] Failed to get data for 4022 for 2026-09-30 to 2026-09-30

[2026-09-30 10:40:19] Querying municipality 4024 for new data...
[2026-09-30 10:40:19] Querying municipality 4024 for period 2026-09-30 to 2026-09-30
[2026-09-30 10:40:19] Querying URL: https://api.elhub.no/energy-data/v0/municipalities/4024?dataset=INSTALLED_CAPACITY_PER_METERING_POINT_TYPE_GROUP_MUNICIPALITY_DAILY&startDate=2026-09-30&endDate=2026-09-30 (attempt 1)
[2026-09-30 10:40:19] Error: Status code 400
[2026-09-30 10:40:19] Response: {"errors":[{"status":"400","title":"endDate must be after startDate","detail":"creationTime: 2026-09-30T10:40:19+02:00","links":{"self":"https://api.elhub.no/energy-data/v0/municipalities/4024?dataset=INSTALLED_CAPACITY_PER_METERING_POINT_TYPE_GROUP_MUNICIPALITY_DAILY&startDate=2026-09-30&endDate=2026-09-30"}}]}
[2026-09-30 10:40:19] Failed after 1 attempts.
[2026-09-30 10:40:19] Failed to get data for 4024 for 2026-09-30 to 2026-09-30

[2026-09-30 10:40:20] Querying municipality 4026 for new data...
[2026-09-30 10:40:20] Querying municipality 4026 for period 2026-09-30 to 2026-09-30
[2026-09-30 10:40:20] Querying URL: https://api.elhub.no/energy-data/v0/municipalities/4026?dataset=INSTALLED_CAPACITY_PER_METERING_POINT_TYPE_GROUP_MUNICIPALITY_DAILY&startDate=2026-09-30&endDate=2026-09-30 (attempt 1)
[2026-09-30 10:40:20] Error: Status code 400
[2026-09-30 10:40:20] Response: {"errors":[{"status":"400","title":"endDate must be after startDate","detail":"creationTime: 2026-09-30T10:40:20+02:00","links":{"self":"https://api.elhub.no/energy-data/v0/municipalities/4026?dataset=INSTALLED_CAPACITY_PER_METERING_POINT_TYPE_GROUP_MUNICIPALITY_DAILY&startDate=2026-09-30&endDate=2026-09-30"}}]}
[2026-09-30 10:40:20] Failed after 1 attempts.
[2026-09-30 10:40:20] Failed to get data for 4026 for 2026-09-30 to 2026-09-30

[2026-09-30 10:40:21] Querying municipality 4028 for new data...
[2026-09-30 10:40:21] Querying municipality 4028 for period 2026-09-30 to 2026-09-30
[2026-09-30 10:40:21] Querying URL: https://api.elhub.no/energy-data/v0/municipalities/4028?dataset=INSTALLED_CAPACITY_PER_METERING_POINT_TYPE_GROUP_MUNICIPALITY_DAILY&startDate=2026-09-30&endDate=2026-09-30 (attempt 1)
[2026-09-30 10:40:21] Error: Status code 400
[2026-09-30 10:40:21] Response: {"errors":[{"status":"400","title":"endDate must be after startDate","detail":"creationTime: 2026-09-30T10:40:21+02:00","links":{"self":"https://api.elhub.no/energy-data/v0/municipalities/4028?dataset=INSTALLED_CAPACITY_PER_METERING_POINT_TYPE_GROUP_MUNICIPALITY_DAILY&startDate=2026-09-30&endDate=2026-09-30"}}]}
[2026-09-30 10:40:21] Failed after 1 attempts.
[2026-09-30 10:40:21] Failed to get data for 4028 for 2026-09-30 to 2026-09-30

[2026-09-30 10:40:22] Querying municipality 4030 for new data...
[2026-09-30 10:40:22] Querying municipality 4030 for period 2026-09-30 to 2026-09-30
[2026-09-30 10:40:22] Querying URL: https://api.elhub.no/energy-data/v0/municipalities/4030?dataset=INSTALLED_CAPACITY_PER_METERING_POINT_TYPE_GROUP_MUNICIPALITY_DAILY&startDate=2026-09-30&endDate=2026-09-30 (attempt 1)
[2026-09-30 10:40:22] Error: Status code 400
[2026-09-30 10:40:22] Response: {"errors":[{"status":"400","title":"endDate must be after startDate","detail":"creationTime: 2026-09-30T10:40:22+02:00","links":{"self":"https://api.elhub.no/energy-data/v0/municipalities/4030?dataset=INSTALLED_CAPACITY_PER_METERING_POINT_TYPE_GROUP_MUNICIPALITY_DAILY&startDate=2026-09-30&endDate=2026-09-30"}}]}
[2026-09-30 10:40:22] Failed after 1 attempts.
[2026-09-30 10:40:22] Failed to get data for 4030 for 2026-09-30 to 2026-09-30

[2026-09-30 10:40:23] Querying municipality 4032 for new data...
[2026-09-30 10:40:23] Querying municipality 4032 for period 2026-09-30 to 2026-09-30
[2026-09-30 10:40:23] Querying URL: https://api.elhub.no/energy-data/v0/municipalities/4032?dataset=INSTALLED_CAPACITY_PER_METERING_POINT_TYPE_GROUP_MUNICIPALITY_DAILY&startDate=2026-09-30&endDate=2026-09-30 (attempt 1)
[2026-09-30 10:40:23] Error: Status code 400
[2026-09-30 10:40:23] Response: {"errors":[{"status":"400","title":"endDate must be after startDate","detail":"creationTime: 2026-09-30T10:40:23+02:00","links":{"self":"https://api.elhub.no/energy-data/v0/municipalities/4032?dataset=INSTALLED_CAPACITY_PER_METERING_POINT_TYPE_GROUP_MUNICIPALITY_DAILY&startDate=2026-09-30&endDate=2026-09-30"}}]}
[2026-09-30 10:40:23] Failed after 1 attempts.
[2026-09-30 10:40:23] Failed to get data for 4032 for 2026-09-30 to 2026-09-30

[2026-09-30 10:40:24] Querying municipality 4034 for new data...
[2026-09-30 10:40:24] Querying municipality 4034 for period 2026-09-30 to 2026-09-30
[2026-09-30 10:40:24] Querying URL: https://api.elhub.no/energy-data/v0/municipalities/4034?dataset=INSTALLED_CAPACITY_PER_METERING_POINT_TYPE_GROUP_MUNICIPALITY_DAILY&startDate=2026-09-30&endDate=2026-09-30 (attempt 1)
[2026-09-30 10:40:25] Error: Status code 400
[2026-09-30 10:40:25] Response: {"errors":[{"status":"400","title":"endDate must be after startDate","detail":"creationTime: 2026-09-30T10:40:24+02:00","links":{"self":"https://api.elhub.no/energy-data/v0/municipalities/4034?dataset=INSTALLED_CAPACITY_PER_METERING_POINT_TYPE_GROUP_MUNICIPALITY_DAILY&startDate=2026-09-30&endDate=2026-09-30"}}]}
[2026-09-30 10:40:25] Failed after 1 attempts.
[2026-09-30 10:40:25] Failed to get data for 4034 for 2026-09-30 to 2026-09-30

[2026-09-30 10:40:26] Querying municipality 4036 for new data...
[2026-09-30 10:40:26] Querying municipality 4036 for period 2026-09-30 to 2026-09-30
[2026-09-30 10:40:26] Querying URL: https://api.elhub.no/energy-data/v0/municipalities/4036?dataset=INSTALLED_CAPACITY_PER_METERING_POINT_TYPE_GROUP_MUNICIPALITY_DAILY&startDate=2026-09-30&endDate=2026-09-30 (attempt 1)
[2026-09-30 10:40:26] Error: Status code 400
[2026-09-30 10:40:26] Response: {"errors":[{"status":"400","title":"endDate must be after startDate","detail":"creationTime: 2026-09-30T10:40:26+02:00","links":{"self":"https://api.elhub.no/energy-data/v0/municipalities/4036?dataset=INSTALLED_CAPACITY_PER_METERING_POINT_TYPE_GROUP_MUNICIPALITY_DAILY&startDate=2026-09-30&endDate=2026-09-30"}}]}
[2026-09-30 10:40:26] Failed after 1 attempts.
[2026-09-30 10:40:26] Failed to get data for 4036 for 2026-09-30 to 2026-09-30
Saved file to C:\Analyse\Telemark\Python\Temp\installed_capacity.csv
[2026-09-30 10:40:28] No new data to upload. Skipping GitHub update.
Keeping CSV file: C:\Analyse\Telemark\Python\Temp\installed_capacity.csv

[2026-09-30 10:40:32] Combined file processed and uploaded via handle_output_data
[2026-09-30 10:40:32] Total records in combined file: 99091
[2026-09-30 10:40:32] New data status log written to C:\Analyse\Telemark\Python\Log\new_data_status_Klima_og_energi_-_Installert_effekt_(Elhub).log

[2026-09-30 10:40:32] Query completed
