Loaded .env file from: C:\Analyse\Telemark\Python\token.env
GITHUB_TOKEN loaded successfully.
[2026-09-29 08:12:53] Loaded .env file from: C:\Analyse\Telemark\Python\token.env
[2026-09-29 08:12:53] GITHUB_TOKEN loaded successfully.
[2026-09-29 08:13:05] Latest date in GitHub files: 2026-09-26
[2026-09-29 08:13:05] Querying data for 2026-09-27
[2026-09-29 08:13:06] API Response status code: 200
Saved file to C:\Analyse\Telemark\Python\Temp\2026.csv
[2026-09-29 08:13:13] Row count changed: 329154 -> 330378

Added rows (showing up to 10):
Antall mlere: 290.0, Forbruk (kWh): 1315.293, Gruppe: Næring (unntatt industri), Knr: 4022, Kommunenavn: Seljord, Tid: 2026-09-26 22:00:00+00:00
Antall mlere: 91.0, Forbruk (kWh): 213.222, Gruppe: Industri, Knr: 4022, Kommunenavn: Seljord, Tid: 2026-09-26 22:00:00+00:00
Antall mlere: 2163.0, Forbruk (kWh): 2196.258, Gruppe: Husholdninger, Knr: 4022, Kommunenavn: Seljord, Tid: 2026-09-26 22:00:00+00:00
Antall mlere: 1682.0, Forbruk (kWh): 10286.536, Gruppe: Næring (unntatt industri), Knr: 4001, Kommunenavn: Porsgrunn, Tid: 2026-09-26 22:00:00+00:00
Antall mlere: 7212.0, Forbruk (kWh): 8240.88, Gruppe: Husholdninger, Knr: 4005, Kommunenavn: Notodden, Tid: 2026-09-26 22:00:00+00:00
Antall mlere: 19585.0, Forbruk (kWh): 20003.822, Gruppe: Husholdninger, Knr: 4001, Kommunenavn: Porsgrunn, Tid: 2026-09-26 22:00:00+00:00
Antall mlere: 871.0, Forbruk (kWh): 3811.662, Gruppe: Næring (unntatt industri), Knr: 4005, Kommunenavn: Notodden, Tid: 2026-09-26 22:00:00+00:00
Antall mlere: 205.0, Forbruk (kWh): 1499.944, Gruppe: Industri, Knr: 4005, Kommunenavn: Notodden, Tid: 2026-09-26 22:00:00+00:00
Antall mlere: 1275.0, Forbruk (kWh): 1555.126, Gruppe: Husholdninger, Knr: 4010, Kommunenavn: Siljan, Tid: 2026-09-26 22:00:00+00:00
Antall mlere: 520.0, Forbruk (kWh): 165815.3, Gruppe: Industri, Knr: 4001, Kommunenavn: Porsgrunn, Tid: 2026-09-26 22:00:00+00:00
... and 1214 more rows
File uploaded successfully: Data/04_Klima og ressursforvaltning/Kraft og energi/Elhub/2026.csv
Keeping CSV file: C:\Analyse\Telemark\Python\Temp\2026.csv
[2026-09-29 08:14:13] New data detected in 2026.csv and pushed to GitHub.
[2026-09-29 08:14:13] New data status log written to C:\Analyse\Telemark\Python\Log\new_data_status_Klima_og_energi_-_Stromforbruk_(Elhub).log
