Loaded .env file from: C:\Analyse\Telemark\Python\token.env
GITHUB_TOKEN loaded successfully.
Ingen driftsmeldinger dukket opp, continuing...
An unexpected error occurred during setup: Message: 
Stacktrace:
Symbols not available. Dumping unresolved backtrace:
	(No symbol) [0x7ff7ef0e01c5]
	(No symbol) [0x7ff7eeff7990]
	(No symbol) [0x7ff7eee0448d]
	(No symbol) [0x7ff7eee5faed]
	(No symbol) [0x7ff7eee5fdbc]
	(No symbol) [0x7ff7eeeb8937]
	(No symbol) [0x7ff7eeeb55a4]
	(No symbol) [0x7ff7eee51892]
	(No symbol) [0x7ff7eee526a3]
	(No symbol) [0x7ff7ef4eab51]
	(No symbol) [0x7ff7ef513aeb]
	(No symbol) [0x7ff7ef507fbe]
	(No symbol) [0x7ff7ef1e260e]
	(No symbol) [0x7ff7ef005085]
	(No symbol) [0x7ff7ef0003f4]
	(No symbol) [0x7ff7ef000584]
	(No symbol) [0x7ff7eefeab1c]
	(No symbol) [0x7fff6570e987]
	(No symbol) [0x7fff6648c53c]

Completed with 1 error(s).
