Loaded .env file from: C:\Analyse\Telemark\Python\token.env
GITHUB_TOKEN loaded successfully.
Request error in Andel unge utenfor arbeid og utdanning (13556): 429 Client Error: Too Many Requests for url: https://data.ssb.no/api/pxwebapi/v2/tables/13556/data?lang=no&outputFormat=json-stat2&valuecodes%5BContentsCode%5D=BosatteProsent&valuecodes%5BTid%5D=top(1)&valuecodes%5BRegion%5D=4001,4003,4005,4010,4012,4014,4016,4018,4020,4022,4024,4026,4028,4030,4032,4034,4036&codelist%5BRegion%5D=agg_KommGjeldende&valuecodes%5BHovArbStyrkStatus%5D=NEET&codelist%5BHovArbStyrkStatus%5D=vs_ArbStatus2018niva4&valuecodes%5BAlder%5D=15-29&valuecodes%5BKjonn%5D=0&heading=Tid,ContentsCode,HovArbStyrkStatus&stub=Region,Alder,Kjonn
Error occurred: 429 Client Error: Too Many Requests for url: https://data.ssb.no/api/pxwebapi/v2/tables/13556/data?lang=no&outputFormat=json-stat2&valuecodes%5BContentsCode%5D=BosatteProsent&valuecodes%5BTid%5D=top(1)&valuecodes%5BRegion%5D=4001,4003,4005,4010,4012,4014,4016,4018,4020,4022,4024,4026,4028,4030,4032,4034,4036&codelist%5BRegion%5D=agg_KommGjeldende&valuecodes%5BHovArbStyrkStatus%5D=NEET&codelist%5BHovArbStyrkStatus%5D=vs_ArbStatus2018niva4&valuecodes%5BAlder%5D=15-29&valuecodes%5BKjonn%5D=0&heading=Tid,ContentsCode,HovArbStyrkStatus&stub=Region,Alder,Kjonn

Errors:
Traceback (most recent call last):
  File "C:\Analyse\Telemark\Python\Queries/02_Opplæring_og_kompetanse/Utenforskap/andel_unge_utenfor_kommuner.py", line 34, in <module>
    df = fetch_data(
        url=GET_URL,
    ...<3 lines>...
        response_type="json",
    )
  File "C:\Analyse\Telemark\Python\Helper_scripts\utility_functions.py", line 48, in fetch_data
    response.raise_for_status()
    ~~~~~~~~~~~~~~~~~~~~~~~~~^^
  File "C:\Users\_eve1509\AppData\Local\anaconda3\envs\analyse\Lib\site-packages\requests\models.py", line 1167, in raise_for_status
    raise HTTPError(http_error_msg, response=self)
requests.exceptions.HTTPError: 429 Client Error: Too Many Requests for url: https://data.ssb.no/api/pxwebapi/v2/tables/13556/data?lang=no&outputFormat=json-stat2&valuecodes%5BContentsCode%5D=BosatteProsent&valuecodes%5BTid%5D=top(1)&valuecodes%5BRegion%5D=4001,4003,4005,4010,4012,4014,4016,4018,4020,4022,4024,4026,4028,4030,4032,4034,4036&codelist%5BRegion%5D=agg_KommGjeldende&valuecodes%5BHovArbStyrkStatus%5D=NEET&codelist%5BHovArbStyrkStatus%5D=vs_ArbStatus2018niva4&valuecodes%5BAlder%5D=15-29&valuecodes%5BKjonn%5D=0&heading=Tid,ContentsCode,HovArbStyrkStatus&stub=Region,Alder,Kjonn

During handling of the above exception, another exception occurred:

Traceback (most recent call last):
  File "C:\Analyse\Telemark\Python\Queries/02_Opplæring_og_kompetanse/Utenforskap/andel_unge_utenfor_kommuner.py", line 43, in <module>
    raise RuntimeError(
        "A critical error occurred during data fetching, stopping execution."
    )
RuntimeError: A critical error occurred during data fetching, stopping execution.
