Loaded .env file from: C:\Analyse\Telemark\Python\token.env
GITHUB_TOKEN loaded successfully.
Request error in Antall 2024 - NÅ: 400 Client Error: Bad Request for url: https://data.ssb.no/api/v0/no/table/09429/
Query failed for years up to 2026. Retrying with years up to 2025.
NOTE: This error is perfectly normal - data for 2026 is not yet available in SSB. The script will continue with data up to 2025.
Antall 2024 - NÅ JSON-stat data loaded successfully.
Successfully fetched data for years: ['2024', '2025']
Antall 2020 - 2023 JSON-stat data loaded successfully.
Antall 2004 - 2019 JSON-stat data loaded successfully.
Request error in Andel 2024 - NÅ: 400 Client Error: Bad Request for url: https://data.ssb.no/api/v0/no/table/09429/
Query failed for years up to 2026. Retrying with years up to 2025.
NOTE: This error is perfectly normal - data for 2026 is not yet available in SSB. The script will continue with data up to 2025.
Andel 2024 - NÅ JSON-stat data loaded successfully.
Successfully fetched data for years: ['2024', '2025']

Høyere utdanning (kort eller lang) per region for 2025:
      Kommune  Høyere utdanning, kort eller lang
Midt-Telemark                               35.5
    Porsgrunn                               33.3
        Skien                               32.5
    Kviteseid                               31.0
        Vinje                               30.6
     Notodden                               30.1
     Fyresdal                               29.5
        Tokke                               29.3
      Kragerø                               29.1
      Seljord                               29.1
       Siljan                               28.8
     Nissedal                               27.5
         Nome                               27.4
       Bamble                               26.8
         Tinn                               25.2
     Hjartdal                               25.2
    Drangedal                               22.3
Request error in Andel 2020 - 2023: 429 Client Error: Too Many Requests for url: https://data.ssb.no/api/v0/no/table/09429/
Error occurred: 429 Client Error: Too Many Requests for url: https://data.ssb.no/api/v0/no/table/09429/

Errors:
Traceback (most recent call last):
  File "C:\Analyse\Telemark\Python\Queries/02_Opplæring_og_kompetanse/Utdanningsnivå/utdanningsnivaa.py", line 642, in <module>
    df_andel_2020_2023 = fetch_data(
        url=POST_URL,
    ...<5 lines>...
        # encoding="ISO-8859-1", # The encoding for CSV data (default: 'ISO-8859-1').
    )
  File "C:\Analyse\Telemark\Python\Helper_scripts\utility_functions.py", line 48, in fetch_data
    response.raise_for_status()
    ~~~~~~~~~~~~~~~~~~~~~~~~~^^
  File "C:\Users\_eve1509\AppData\Local\anaconda3\envs\analyse\Lib\site-packages\requests\models.py", line 1167, in raise_for_status
    raise HTTPError(http_error_msg, response=self)
requests.exceptions.HTTPError: 429 Client Error: Too Many Requests for url: https://data.ssb.no/api/v0/no/table/09429/

During handling of the above exception, another exception occurred:

Traceback (most recent call last):
  File "C:\Analyse\Telemark\Python\Queries/02_Opplæring_og_kompetanse/Utdanningsnivå/utdanningsnivaa.py", line 653, in <module>
    raise RuntimeError(
        "A critical error occurred during data fetching, stopping execution."
    )
RuntimeError: A critical error occurred during data fetching, stopping execution.
