Loaded .env file from: C:\Analyse\Telemark\Python\token.env
GITHUB_TOKEN loaded successfully.
Found file: https://raw.githubusercontent.com/evensrii/Telemark/refs/heads/main/Data/03_Arbeid%20og%20n%C3%A6ringsliv/01_Arbeidsliv/NAV/Arbeidsledighet/2026-02-05.xlsx
Found file: https://raw.githubusercontent.com/evensrii/Telemark/refs/heads/main/Data/03_Arbeid%20og%20n%C3%A6ringsliv/01_Arbeidsliv/NAV/Arbeidsledighet/2026-01-05.xlsx
Found file: https://raw.githubusercontent.com/evensrii/Telemark/refs/heads/main/Data/03_Arbeid%20og%20n%C3%A6ringsliv/01_Arbeidsliv/NAV/Arbeidsledighet/2025-12-05.xlsx
Found file: https://raw.githubusercontent.com/evensrii/Telemark/refs/heads/main/Data/03_Arbeid%20og%20n%C3%A6ringsliv/01_Arbeidsliv/NAV/Arbeidsledighet/2025-11-05.xlsx
Found file: https://raw.githubusercontent.com/evensrii/Telemark/refs/heads/main/Data/03_Arbeid%20og%20n%C3%A6ringsliv/01_Arbeidsliv/NAV/Arbeidsledighet/2025-10-05.xlsx
Found file: https://raw.githubusercontent.com/evensrii/Telemark/refs/heads/main/Data/03_Arbeid%20og%20n%C3%A6ringsliv/01_Arbeidsliv/NAV/Arbeidsledighet/2025-09-05.xlsx
Found file: https://raw.githubusercontent.com/evensrii/Telemark/refs/heads/main/Data/03_Arbeid%20og%20n%C3%A6ringsliv/01_Arbeidsliv/NAV/Arbeidsledighet/2025-08-05.xlsx
Found file: https://raw.githubusercontent.com/evensrii/Telemark/refs/heads/main/Data/03_Arbeid%20og%20n%C3%A6ringsliv/01_Arbeidsliv/NAV/Arbeidsledighet/2025-07-05.xlsx
Found file: https://raw.githubusercontent.com/evensrii/Telemark/refs/heads/main/Data/03_Arbeid%20og%20n%C3%A6ringsliv/01_Arbeidsliv/NAV/Arbeidsledighet/2025-06-05.xlsx
Found file: https://raw.githubusercontent.com/evensrii/Telemark/refs/heads/main/Data/03_Arbeid%20og%20n%C3%A6ringsliv/01_Arbeidsliv/NAV/Arbeidsledighet/2025-05-05.xlsx
Found file: https://raw.githubusercontent.com/evensrii/Telemark/refs/heads/main/Data/03_Arbeid%20og%20n%C3%A6ringsliv/01_Arbeidsliv/NAV/Arbeidsledighet/2025-04-05.xlsx
Found file: https://raw.githubusercontent.com/evensrii/Telemark/refs/heads/main/Data/03_Arbeid%20og%20n%C3%A6ringsliv/01_Arbeidsliv/NAV/Arbeidsledighet/2025-03-05.xlsx
Found file: https://raw.githubusercontent.com/evensrii/Telemark/refs/heads/main/Data/03_Arbeid%20og%20n%C3%A6ringsliv/01_Arbeidsliv/NAV/Arbeidsledighet/2025-02-05.xlsx
Found 13 Excel files to process

Processing file: https://raw.githubusercontent.com/evensrii/Telemark/refs/heads/main/Data/03_Arbeid%20og%20n%C3%A6ringsliv/01_Arbeidsliv/NAV/Arbeidsledighet/2025-02-05.xlsx
Available sheets: ['Fylker', 'Landet', 'Telemark']
=== Processing Job Seeker Sheets ===
Sheet not found: Landet yrkesbakgrunn arbeidssøk
Sheet not found: Fylker yrkesbakgrunn arbeidssøk
Sheet not found: Telemark yrkesbakgrunn arbeidss
=== Processing Job Vacancy Sheets ===
Sheet not found: Landet stilling
Sheet not found: Fylker stilling
Sheet not found: Telemark stilling

Processing file: https://raw.githubusercontent.com/evensrii/Telemark/refs/heads/main/Data/03_Arbeid%20og%20n%C3%A6ringsliv/01_Arbeidsliv/NAV/Arbeidsledighet/2025-03-05.xlsx
Available sheets: ['Fylker', 'Landet', 'Telemark']
=== Processing Job Seeker Sheets ===
Sheet not found: Landet yrkesbakgrunn arbeidssøk
Sheet not found: Fylker yrkesbakgrunn arbeidssøk
Sheet not found: Telemark yrkesbakgrunn arbeidss
=== Processing Job Vacancy Sheets ===
Sheet not found: Landet stilling
Sheet not found: Fylker stilling
Sheet not found: Telemark stilling

Processing file: https://raw.githubusercontent.com/evensrii/Telemark/refs/heads/main/Data/03_Arbeid%20og%20n%C3%A6ringsliv/01_Arbeidsliv/NAV/Arbeidsledighet/2025-04-05.xlsx
Available sheets: ['Fylker', 'Landet', 'Telemark']
=== Processing Job Seeker Sheets ===
Sheet not found: Landet yrkesbakgrunn arbeidssøk
Sheet not found: Fylker yrkesbakgrunn arbeidssøk
Sheet not found: Telemark yrkesbakgrunn arbeidss
=== Processing Job Vacancy Sheets ===
Sheet not found: Landet stilling
Sheet not found: Fylker stilling
Sheet not found: Telemark stilling

Processing file: https://raw.githubusercontent.com/evensrii/Telemark/refs/heads/main/Data/03_Arbeid%20og%20n%C3%A6ringsliv/01_Arbeidsliv/NAV/Arbeidsledighet/2025-05-05.xlsx
Available sheets: ['Fylker', 'Landet', 'Telemark']
=== Processing Job Seeker Sheets ===
Sheet not found: Landet yrkesbakgrunn arbeidssøk
Sheet not found: Fylker yrkesbakgrunn arbeidssøk
Sheet not found: Telemark yrkesbakgrunn arbeidss
=== Processing Job Vacancy Sheets ===
Sheet not found: Landet stilling
Sheet not found: Fylker stilling
Sheet not found: Telemark stilling

Processing file: https://raw.githubusercontent.com/evensrii/Telemark/refs/heads/main/Data/03_Arbeid%20og%20n%C3%A6ringsliv/01_Arbeidsliv/NAV/Arbeidsledighet/2025-06-05.xlsx
Available sheets: ['Fylker', 'Landet', 'Telemark']
=== Processing Job Seeker Sheets ===
Sheet not found: Landet yrkesbakgrunn arbeidssøk
Sheet not found: Fylker yrkesbakgrunn arbeidssøk
Sheet not found: Telemark yrkesbakgrunn arbeidss
=== Processing Job Vacancy Sheets ===
Sheet not found: Landet stilling
Sheet not found: Fylker stilling
Sheet not found: Telemark stilling

Processing file: https://raw.githubusercontent.com/evensrii/Telemark/refs/heads/main/Data/03_Arbeid%20og%20n%C3%A6ringsliv/01_Arbeidsliv/NAV/Arbeidsledighet/2025-07-05.xlsx
Available sheets: ['Landet', 'Fylker', 'Telemark', 'Landet yrkesbakgrunn arbeidssøk', 'Fylker yrkesbakgrunn arbeidssøk', 'Telemark yrkesbakgrunn arbeidss', 'Landet stilling', 'Fylker stilling', 'Telemark stilling']
=== Processing Job Seeker Sheets ===
Processing sheet: Landet yrkesbakgrunn arbeidssøk
Successfully imported 15 rows from Landet yrkesbakgrunn arbeidssøk
Processing sheet: Fylker yrkesbakgrunn arbeidssøk
Successfully imported 253 rows from Fylker yrkesbakgrunn arbeidssøk
Processing sheet: Telemark yrkesbakgrunn arbeidss
Successfully imported 234 rows from Telemark yrkesbakgrunn arbeidss
=== Processing Job Vacancy Sheets ===
Processing sheet: Landet stilling
Successfully imported 15 rows from Landet stilling
Processing sheet: Fylker stilling
Successfully imported 267 rows from Fylker stilling
Processing sheet: Telemark stilling
Successfully imported 230 rows from Telemark stilling
Merged job seeker data for this file: 502 rows
Merged job vacancy data for this file: 512 rows

Processing file: https://raw.githubusercontent.com/evensrii/Telemark/refs/heads/main/Data/03_Arbeid%20og%20n%C3%A6ringsliv/01_Arbeidsliv/NAV/Arbeidsledighet/2025-08-05.xlsx
Available sheets: ['Landet', 'Fylker', 'Telemark', 'Landet yrkesbakgrunn arbeidssøk', 'Fylker yrkesbakgrunn arbeidssøk', 'Telemark yrkesbakgrunn arbeidss', 'Landet stilling', 'Fylker stilling', 'Telemark stilling']
=== Processing Job Seeker Sheets ===
Processing sheet: Landet yrkesbakgrunn arbeidssøk
Successfully imported 15 rows from Landet yrkesbakgrunn arbeidssøk
Processing sheet: Fylker yrkesbakgrunn arbeidssøk
Successfully imported 252 rows from Fylker yrkesbakgrunn arbeidssøk
Processing sheet: Telemark yrkesbakgrunn arbeidss
Successfully imported 230 rows from Telemark yrkesbakgrunn arbeidss
=== Processing Job Vacancy Sheets ===
Processing sheet: Landet stilling
Successfully imported 15 rows from Landet stilling
Processing sheet: Fylker stilling
Successfully imported 268 rows from Fylker stilling
Processing sheet: Telemark stilling
Successfully imported 231 rows from Telemark stilling
Merged job seeker data for this file: 497 rows
Merged job vacancy data for this file: 514 rows

Processing file: https://raw.githubusercontent.com/evensrii/Telemark/refs/heads/main/Data/03_Arbeid%20og%20n%C3%A6ringsliv/01_Arbeidsliv/NAV/Arbeidsledighet/2025-09-05.xlsx
Available sheets: ['Landet', 'Fylker', 'Telemark', 'Landet yrkesbakgrunn arbeidssøk', 'Fylker yrkesbakgrunn arbeidssøk', 'Telemark yrkesbakgrunn arbeidss', 'Landet stilling', 'Fylker stilling', 'Telemark stilling']
=== Processing Job Seeker Sheets ===
Processing sheet: Landet yrkesbakgrunn arbeidssøk
Successfully imported 15 rows from Landet yrkesbakgrunn arbeidssøk
Processing sheet: Fylker yrkesbakgrunn arbeidssøk
Successfully imported 253 rows from Fylker yrkesbakgrunn arbeidssøk
Processing sheet: Telemark yrkesbakgrunn arbeidss
Successfully imported 231 rows from Telemark yrkesbakgrunn arbeidss
=== Processing Job Vacancy Sheets ===
Processing sheet: Landet stilling
Successfully imported 15 rows from Landet stilling
Processing sheet: Fylker stilling
Successfully imported 269 rows from Fylker stilling
Processing sheet: Telemark stilling
Successfully imported 232 rows from Telemark stilling
Merged job seeker data for this file: 499 rows
Merged job vacancy data for this file: 516 rows

Processing file: https://raw.githubusercontent.com/evensrii/Telemark/refs/heads/main/Data/03_Arbeid%20og%20n%C3%A6ringsliv/01_Arbeidsliv/NAV/Arbeidsledighet/2025-10-05.xlsx
Available sheets: ['Landet', 'Fylker', 'Telemark', 'Landet yrkesbakgrunn arbeidssøk', 'Fylker yrkesbakgrunn arbeidssøk', 'Telemark yrkesbakgrunn arbeidss', 'Landet stilling', 'Fylker stilling', 'Telemark stilling']
=== Processing Job Seeker Sheets ===
Processing sheet: Landet yrkesbakgrunn arbeidssøk
Successfully imported 15 rows from Landet yrkesbakgrunn arbeidssøk
Processing sheet: Fylker yrkesbakgrunn arbeidssøk
Successfully imported 252 rows from Fylker yrkesbakgrunn arbeidssøk
Processing sheet: Telemark yrkesbakgrunn arbeidss
Successfully imported 235 rows from Telemark yrkesbakgrunn arbeidss
=== Processing Job Vacancy Sheets ===
Processing sheet: Landet stilling
Successfully imported 15 rows from Landet stilling
Processing sheet: Fylker stilling
Successfully imported 314 rows from Fylker stilling
Processing sheet: Telemark stilling
Successfully imported 233 rows from Telemark stilling
Merged job seeker data for this file: 502 rows
Merged job vacancy data for this file: 562 rows

Processing file: https://raw.githubusercontent.com/evensrii/Telemark/refs/heads/main/Data/03_Arbeid%20og%20n%C3%A6ringsliv/01_Arbeidsliv/NAV/Arbeidsledighet/2025-11-05.xlsx
Available sheets: ['Landet', 'Fylker', 'Telemark', 'Landet yrkesbakgrunn arbeidssøk', 'Fylker yrkesbakgrunn arbeidssøk', 'Telemark yrkesbakgrunn arbeidss', 'Landet stilling', 'Fylker stilling', 'Telemark stilling']
=== Processing Job Seeker Sheets ===
Processing sheet: Landet yrkesbakgrunn arbeidssøk
Successfully imported 15 rows from Landet yrkesbakgrunn arbeidssøk
Processing sheet: Fylker yrkesbakgrunn arbeidssøk
Successfully imported 253 rows from Fylker yrkesbakgrunn arbeidssøk
Processing sheet: Telemark yrkesbakgrunn arbeidss
Successfully imported 238 rows from Telemark yrkesbakgrunn arbeidss
=== Processing Job Vacancy Sheets ===
Processing sheet: Landet stilling
Successfully imported 15 rows from Landet stilling
Processing sheet: Fylker stilling
Successfully imported 314 rows from Fylker stilling
Processing sheet: Telemark stilling
Successfully imported 234 rows from Telemark stilling
Merged job seeker data for this file: 506 rows
Merged job vacancy data for this file: 563 rows

Processing file: https://raw.githubusercontent.com/evensrii/Telemark/refs/heads/main/Data/03_Arbeid%20og%20n%C3%A6ringsliv/01_Arbeidsliv/NAV/Arbeidsledighet/2025-12-05.xlsx
Available sheets: ['Landet', 'Fylker', 'Telemark', 'Landet yrkesbakgrunn arbeidssøk', 'Fylker yrkesbakgrunn arbeidssøk', 'Telemark yrkesbakgrunn arbeidss', 'Landet stilling', 'Fylker stilling', 'Telemark stilling']
=== Processing Job Seeker Sheets ===
Processing sheet: Landet yrkesbakgrunn arbeidssøk
Successfully imported 15 rows from Landet yrkesbakgrunn arbeidssøk
Processing sheet: Fylker yrkesbakgrunn arbeidssøk
Successfully imported 254 rows from Fylker yrkesbakgrunn arbeidssøk
Processing sheet: Telemark yrkesbakgrunn arbeidss
Successfully imported 239 rows from Telemark yrkesbakgrunn arbeidss
=== Processing Job Vacancy Sheets ===
Processing sheet: Landet stilling
Successfully imported 15 rows from Landet stilling
Processing sheet: Fylker stilling
Successfully imported 270 rows from Fylker stilling
Processing sheet: Telemark stilling
Successfully imported 235 rows from Telemark stilling
Merged job seeker data for this file: 508 rows
Merged job vacancy data for this file: 520 rows

Processing file: https://raw.githubusercontent.com/evensrii/Telemark/refs/heads/main/Data/03_Arbeid%20og%20n%C3%A6ringsliv/01_Arbeidsliv/NAV/Arbeidsledighet/2026-01-05.xlsx
Available sheets: ['Landet', 'Fylker', 'Telemark', 'Landet yrkesbakgrunn arbeidssøk', 'Fylker yrkesbakgrunn arbeidssøk', 'Telemark yrkesbakgrunn arbeidss', 'Landet stilling', 'Fylker stilling', 'Telemark stilling']
=== Processing Job Seeker Sheets ===
Processing sheet: Landet yrkesbakgrunn arbeidssøk
Successfully imported 15 rows from Landet yrkesbakgrunn arbeidssøk
Processing sheet: Fylker yrkesbakgrunn arbeidssøk
Successfully imported 254 rows from Fylker yrkesbakgrunn arbeidssøk
Processing sheet: Telemark yrkesbakgrunn arbeidss
Successfully imported 238 rows from Telemark yrkesbakgrunn arbeidss
=== Processing Job Vacancy Sheets ===
Processing sheet: Landet stilling
Successfully imported 15 rows from Landet stilling
Processing sheet: Fylker stilling
Successfully imported 270 rows from Fylker stilling
Processing sheet: Telemark stilling
Successfully imported 237 rows from Telemark stilling
Merged job seeker data for this file: 507 rows
Merged job vacancy data for this file: 522 rows

Processing file: https://raw.githubusercontent.com/evensrii/Telemark/refs/heads/main/Data/03_Arbeid%20og%20n%C3%A6ringsliv/01_Arbeidsliv/NAV/Arbeidsledighet/2026-02-05.xlsx
Available sheets: ['Landet', 'Fylker', 'Telemark', 'Landet yrkesbakgrunn arbeidssøk', 'Fylker yrkesbakgrunn arbeidssøk', 'Telemark yrkesbakgrunn arbeidss', 'Landet stilling', 'Fylker stilling', 'Telemark stilling']
=== Processing Job Seeker Sheets ===
Processing sheet: Landet yrkesbakgrunn arbeidssøk
Successfully imported 15 rows from Landet yrkesbakgrunn arbeidssøk
Processing sheet: Fylker yrkesbakgrunn arbeidssøk
Successfully imported 253 rows from Fylker yrkesbakgrunn arbeidssøk
Processing sheet: Telemark yrkesbakgrunn arbeidss
Successfully imported 242 rows from Telemark yrkesbakgrunn arbeidss
=== Processing Job Vacancy Sheets ===
Processing sheet: Landet stilling
Successfully imported 15 rows from Landet stilling
Processing sheet: Fylker stilling
Successfully imported 251 rows from Fylker stilling
Processing sheet: Telemark stilling
Successfully imported 173 rows from Telemark stilling
Merged job seeker data for this file: 510 rows
Merged job vacancy data for this file: 439 rows

=== Combining Data from All Files ===
Combined job seeker data: 4031 total rows from 8 files
Combined job vacancy data: 4148 total rows from 8 files

=== Creating Final Dataset with Single Occupation Column ===
Processing job seekers data...
Processing job vacancies data...
Created final dataset with 3744 rows
Columns: ['Dato', 'Nivå', 'Geografisk enhet', 'Yrke', 'Antall søkere', 'Antall utlyste stillinger']
Sample data:
        Dato    Nivå  ... Antall søkere Antall utlyste stillinger
0 2025-06-01  Fylker  ...          84.0                      27.0
1 2025-06-01  Fylker  ...         298.0                      74.0
2 2025-06-01  Fylker  ...         582.0                     322.0
3 2025-06-01  Fylker  ...         451.0                      90.0
4 2025-06-01  Fylker  ...         387.0                     393.0
5 2025-06-01  Fylker  ...         534.0                      92.0
6 2025-06-01  Fylker  ...         928.0                       NaN
7 2025-06-01  Fylker  ...         267.0                      45.0
8 2025-06-01  Fylker  ...          54.0                       3.0
9 2025-06-01  Fylker  ...         317.0                      48.0

[10 rows x 6 columns]
Unique occupation categories: 15
Date range: 2025-06-01 00:00:00 to 2026-01-01 00:00:00

Data distribution by geographic level:
Nivå
Fylker               2123
Telemark kommuner    1501
Landet                120
Name: count, dtype: int64

Sample occupation categories:
Yrke
Bygg og anlegg                        276
Serviceyrker og annet arbeid          276
Helse, pleie og omsorg                273
Ingen yrkesbakgrunn eller uoppgitt    267
Reiseliv og transport                 265
Butikk- og salgsarbeid                264
Kontorarbeid                          264
Industriarbeid                        259
Ingeniør- og ikt-fag                  249
Undervisning                          249
Name: count, dtype: int64

=== Processing completed for all files ===

=== Saving Final Dataset ===
Final dataset: 3744 rows, 6 columns
Saving as: soekere_stillinger_yrkespraksis.csv
Value columns for comparison: ['Antall søkere', 'Antall utlyste stillinger']
Saved file to C:\Analyse\Telemark\Python\Temp\soekere_stillinger_yrkespraksis.csv
[2026-09-08 09:52:26] No changes found in value columns. Skipping GitHub update.
Keeping CSV file: C:\Analyse\Telemark\Python\Temp\soekere_stillinger_yrkespraksis.csv
No new data detected.
New data status log written to C:\Analyse\Telemark\Python\Log\new_data_status_Opplaering_og_kompetanse_-_Sokere_og_stillinger_etter_yrkespraksis.log

Script completed successfully!

Errors/Warnings:
C:\Users\_eve1509\AppData\Local\anaconda3\envs\analyse\Lib\site-packages\openpyxl\styles\stylesheet.py:237: UserWarning: Workbook contains no default style, apply openpyxl's default
  warn("Workbook contains no default style, apply openpyxl's default")
C:\Users\_eve1509\AppData\Local\anaconda3\envs\analyse\Lib\site-packages\openpyxl\styles\stylesheet.py:237: UserWarning: Workbook contains no default style, apply openpyxl's default
  warn("Workbook contains no default style, apply openpyxl's default")
C:\Users\_eve1509\AppData\Local\anaconda3\envs\analyse\Lib\site-packages\openpyxl\styles\stylesheet.py:237: UserWarning: Workbook contains no default style, apply openpyxl's default
  warn("Workbook contains no default style, apply openpyxl's default")
C:\Users\_eve1509\AppData\Local\anaconda3\envs\analyse\Lib\site-packages\openpyxl\styles\stylesheet.py:237: UserWarning: Workbook contains no default style, apply openpyxl's default
  warn("Workbook contains no default style, apply openpyxl's default")
C:\Users\_eve1509\AppData\Local\anaconda3\envs\analyse\Lib\site-packages\openpyxl\styles\stylesheet.py:237: UserWarning: Workbook contains no default style, apply openpyxl's default
  warn("Workbook contains no default style, apply openpyxl's default")
C:\Users\_eve1509\AppData\Local\anaconda3\envs\analyse\Lib\site-packages\openpyxl\styles\stylesheet.py:237: UserWarning: Workbook contains no default style, apply openpyxl's default
  warn("Workbook contains no default style, apply openpyxl's default")
C:\Users\_eve1509\AppData\Local\anaconda3\envs\analyse\Lib\site-packages\openpyxl\styles\stylesheet.py:237: UserWarning: Workbook contains no default style, apply openpyxl's default
  warn("Workbook contains no default style, apply openpyxl's default")
C:\Users\_eve1509\AppData\Local\anaconda3\envs\analyse\Lib\site-packages\openpyxl\styles\stylesheet.py:237: UserWarning: Workbook contains no default style, apply openpyxl's default
  warn("Workbook contains no default style, apply openpyxl's default")
C:\Users\_eve1509\AppData\Local\anaconda3\envs\analyse\Lib\site-packages\openpyxl\styles\stylesheet.py:237: UserWarning: Workbook contains no default style, apply openpyxl's default
  warn("Workbook contains no default style, apply openpyxl's default")
C:\Users\_eve1509\AppData\Local\anaconda3\envs\analyse\Lib\site-packages\openpyxl\styles\stylesheet.py:237: UserWarning: Workbook contains no default style, apply openpyxl's default
  warn("Workbook contains no default style, apply openpyxl's default")
C:\Users\_eve1509\AppData\Local\anaconda3\envs\analyse\Lib\site-packages\openpyxl\styles\stylesheet.py:237: UserWarning: Workbook contains no default style, apply openpyxl's default
  warn("Workbook contains no default style, apply openpyxl's default")
C:\Users\_eve1509\AppData\Local\anaconda3\envs\analyse\Lib\site-packages\openpyxl\styles\stylesheet.py:237: UserWarning: Workbook contains no default style, apply openpyxl's default
  warn("Workbook contains no default style, apply openpyxl's default")
C:\Users\_eve1509\AppData\Local\anaconda3\envs\analyse\Lib\site-packages\openpyxl\styles\stylesheet.py:237: UserWarning: Workbook contains no default style, apply openpyxl's default
  warn("Workbook contains no default style, apply openpyxl's default")
C:\Users\_eve1509\AppData\Local\anaconda3\envs\analyse\Lib\site-packages\openpyxl\styles\stylesheet.py:237: UserWarning: Workbook contains no default style, apply openpyxl's default
  warn("Workbook contains no default style, apply openpyxl's default")
C:\Users\_eve1509\AppData\Local\anaconda3\envs\analyse\Lib\site-packages\openpyxl\styles\stylesheet.py:237: UserWarning: Workbook contains no default style, apply openpyxl's default
  warn("Workbook contains no default style, apply openpyxl's default")
C:\Users\_eve1509\AppData\Local\anaconda3\envs\analyse\Lib\site-packages\openpyxl\styles\stylesheet.py:237: UserWarning: Workbook contains no default style, apply openpyxl's default
  warn("Workbook contains no default style, apply openpyxl's default")
C:\Users\_eve1509\AppData\Local\anaconda3\envs\analyse\Lib\site-packages\openpyxl\styles\stylesheet.py:237: UserWarning: Workbook contains no default style, apply openpyxl's default
  warn("Workbook contains no default style, apply openpyxl's default")
C:\Users\_eve1509\AppData\Local\anaconda3\envs\analyse\Lib\site-packages\openpyxl\styles\stylesheet.py:237: UserWarning: Workbook contains no default style, apply openpyxl's default
  warn("Workbook contains no default style, apply openpyxl's default")
C:\Users\_eve1509\AppData\Local\anaconda3\envs\analyse\Lib\site-packages\openpyxl\styles\stylesheet.py:237: UserWarning: Workbook contains no default style, apply openpyxl's default
  warn("Workbook contains no default style, apply openpyxl's default")
C:\Users\_eve1509\AppData\Local\anaconda3\envs\analyse\Lib\site-packages\openpyxl\styles\stylesheet.py:237: UserWarning: Workbook contains no default style, apply openpyxl's default
  warn("Workbook contains no default style, apply openpyxl's default")
C:\Users\_eve1509\AppData\Local\anaconda3\envs\analyse\Lib\site-packages\openpyxl\styles\stylesheet.py:237: UserWarning: Workbook contains no default style, apply openpyxl's default
  warn("Workbook contains no default style, apply openpyxl's default")
C:\Users\_eve1509\AppData\Local\anaconda3\envs\analyse\Lib\site-packages\openpyxl\styles\stylesheet.py:237: UserWarning: Workbook contains no default style, apply openpyxl's default
  warn("Workbook contains no default style, apply openpyxl's default")
C:\Users\_eve1509\AppData\Local\anaconda3\envs\analyse\Lib\site-packages\openpyxl\styles\stylesheet.py:237: UserWarning: Workbook contains no default style, apply openpyxl's default
  warn("Workbook contains no default style, apply openpyxl's default")
C:\Users\_eve1509\AppData\Local\anaconda3\envs\analyse\Lib\site-packages\openpyxl\styles\stylesheet.py:237: UserWarning: Workbook contains no default style, apply openpyxl's default
  warn("Workbook contains no default style, apply openpyxl's default")
C:\Users\_eve1509\AppData\Local\anaconda3\envs\analyse\Lib\site-packages\openpyxl\styles\stylesheet.py:237: UserWarning: Workbook contains no default style, apply openpyxl's default
  warn("Workbook contains no default style, apply openpyxl's default")
C:\Users\_eve1509\AppData\Local\anaconda3\envs\analyse\Lib\site-packages\openpyxl\styles\stylesheet.py:237: UserWarning: Workbook contains no default style, apply openpyxl's default
  warn("Workbook contains no default style, apply openpyxl's default")
C:\Users\_eve1509\AppData\Local\anaconda3\envs\analyse\Lib\site-packages\openpyxl\styles\stylesheet.py:237: UserWarning: Workbook contains no default style, apply openpyxl's default
  warn("Workbook contains no default style, apply openpyxl's default")
C:\Users\_eve1509\AppData\Local\anaconda3\envs\analyse\Lib\site-packages\openpyxl\styles\stylesheet.py:237: UserWarning: Workbook contains no default style, apply openpyxl's default
  warn("Workbook contains no default style, apply openpyxl's default")
C:\Users\_eve1509\AppData\Local\anaconda3\envs\analyse\Lib\site-packages\openpyxl\styles\stylesheet.py:237: UserWarning: Workbook contains no default style, apply openpyxl's default
  warn("Workbook contains no default style, apply openpyxl's default")
C:\Users\_eve1509\AppData\Local\anaconda3\envs\analyse\Lib\site-packages\openpyxl\styles\stylesheet.py:237: UserWarning: Workbook contains no default style, apply openpyxl's default
  warn("Workbook contains no default style, apply openpyxl's default")
