Loaded .env file from: C:\Analyse\Telemark\Python\token.env
GITHUB_TOKEN loaded successfully.
Request error in Andel utenfor per fylke og alder (13563): 429 Client Error: Too Many Requests for url: https://data.ssb.no/api/pxwebapi/v2/tables/13563/data?lang=no&outputFormat=json-stat2&valuecodes%5BContentsCode%5D=*&valuecodes%5BTid%5D=top(1)&valuecodes%5BRegion%5D=F-31,F-32,F-03,F-34,F-33,F-39,F-40,F-42,F-11,F-46,F-15,F-50,F-18,F-55,F-56&codelist%5BRegion%5D=agg_KommFylker&valuecodes%5BHovArbStyrkStatus%5D=TOT3,NEET2&codelist%5BHovArbStyrkStatus%5D=vs_ArbStatus2018niva4a&valuecodes%5BAlder%5D=15-29,30-61&heading=ContentsCode,Tid,Alder&stub=Region,HovArbStyrkStatus
Error occurred: 429 Client Error: Too Many Requests for url: https://data.ssb.no/api/pxwebapi/v2/tables/13563/data?lang=no&outputFormat=json-stat2&valuecodes%5BContentsCode%5D=*&valuecodes%5BTid%5D=top(1)&valuecodes%5BRegion%5D=F-31,F-32,F-03,F-34,F-33,F-39,F-40,F-42,F-11,F-46,F-15,F-50,F-18,F-55,F-56&codelist%5BRegion%5D=agg_KommFylker&valuecodes%5BHovArbStyrkStatus%5D=TOT3,NEET2&codelist%5BHovArbStyrkStatus%5D=vs_ArbStatus2018niva4a&valuecodes%5BAlder%5D=15-29,30-61&heading=ContentsCode,Tid,Alder&stub=Region,HovArbStyrkStatus

Errors:
Traceback (most recent call last):
  File "C:\Analyse\Telemark\Python\Queries/02_Opplæring_og_kompetanse/Utenforskap/andel_utenfor_fylke_alder.py", line 34, in <module>
    df = fetch_data(
        url=GET_URL,
    ...<3 lines>...
        response_type="json",
    )
  File "C:\Analyse\Telemark\Python\Helper_scripts\utility_functions.py", line 48, in fetch_data
    response.raise_for_status()
    ~~~~~~~~~~~~~~~~~~~~~~~~~^^
  File "C:\Users\_eve1509\AppData\Local\anaconda3\envs\analyse\Lib\site-packages\requests\models.py", line 1167, in raise_for_status
    raise HTTPError(http_error_msg, response=self)
requests.exceptions.HTTPError: 429 Client Error: Too Many Requests for url: https://data.ssb.no/api/pxwebapi/v2/tables/13563/data?lang=no&outputFormat=json-stat2&valuecodes%5BContentsCode%5D=*&valuecodes%5BTid%5D=top(1)&valuecodes%5BRegion%5D=F-31,F-32,F-03,F-34,F-33,F-39,F-40,F-42,F-11,F-46,F-15,F-50,F-18,F-55,F-56&codelist%5BRegion%5D=agg_KommFylker&valuecodes%5BHovArbStyrkStatus%5D=TOT3,NEET2&codelist%5BHovArbStyrkStatus%5D=vs_ArbStatus2018niva4a&valuecodes%5BAlder%5D=15-29,30-61&heading=ContentsCode,Tid,Alder&stub=Region,HovArbStyrkStatus

During handling of the above exception, another exception occurred:

Traceback (most recent call last):
  File "C:\Analyse\Telemark\Python\Queries/02_Opplæring_og_kompetanse/Utenforskap/andel_utenfor_fylke_alder.py", line 43, in <module>
    raise RuntimeError(
        "A critical error occurred during data fetching, stopping execution."
    )
RuntimeError: A critical error occurred during data fetching, stopping execution.
